Component: ARM Compiler 5.06 (build 20) Tool: armlink [4d35a3]

==============================================================================

Section Cross References

    startup_stm32f103xe.o(STACK) refers (Special) to heapauxi.o(.text) for __use_two_region_memory
    startup_stm32f103xe.o(HEAP) refers (Special) to heapauxi.o(.text) for __use_two_region_memory
    startup_stm32f103xe.o(RESET) refers (Special) to heapauxi.o(.text) for __use_two_region_memory
    startup_stm32f103xe.o(RESET) refers to startup_stm32f103xe.o(STACK) for __initial_sp
    startup_stm32f103xe.o(RESET) refers to startup_stm32f103xe.o(.text) for Reset_Handler
    startup_stm32f103xe.o(RESET) refers to stm32f1xx_it.o(i.NMI_Handler) for NMI_Handler
    startup_stm32f103xe.o(RESET) refers to stm32f1xx_it.o(i.HardFault_Handler) for HardFault_Handler
    startup_stm32f103xe.o(RESET) refers to stm32f1xx_it.o(i.MemManage_Handler) for MemManage_Handler
    startup_stm32f103xe.o(RESET) refers to stm32f1xx_it.o(i.BusFault_Handler) for BusFault_Handler
    startup_stm32f103xe.o(RESET) refers to stm32f1xx_it.o(i.UsageFault_Handler) for UsageFault_Handler
    startup_stm32f103xe.o(RESET) refers to stm32f1xx_it.o(i.SVC_Handler) for SVC_Handler
    startup_stm32f103xe.o(RESET) refers to stm32f1xx_it.o(i.DebugMon_Handler) for DebugMon_Handler
    startup_stm32f103xe.o(RESET) refers to stm32f1xx_it.o(i.PendSV_Handler) for PendSV_Handler
    startup_stm32f103xe.o(RESET) refers to stm32f1xx_it.o(i.SysTick_Handler) for SysTick_Handler
    startup_stm32f103xe.o(RESET) refers to stm32f1xx_it.o(i.RTC_IRQHandler) for RTC_IRQHandler
    startup_stm32f103xe.o(RESET) refers to stm32f1xx_it.o(i.EXTI2_IRQHandler) for EXTI2_IRQHandler
    startup_stm32f103xe.o(RESET) refers to stm32f1xx_it.o(i.DMA1_Channel2_IRQHandler) for DMA1_Channel2_IRQHandler
    startup_stm32f103xe.o(RESET) refers to stm32f1xx_it.o(i.DMA1_Channel4_IRQHandler) for DMA1_Channel4_IRQHandler
    startup_stm32f103xe.o(RESET) refers to stm32f1xx_it.o(i.DMA1_Channel6_IRQHandler) for DMA1_Channel6_IRQHandler
    startup_stm32f103xe.o(RESET) refers to stm32f1xx_it.o(i.DMA1_Channel7_IRQHandler) for DMA1_Channel7_IRQHandler
    startup_stm32f103xe.o(RESET) refers to stm32f1xx_it.o(i.TIM1_UP_IRQHandler) for TIM1_UP_IRQHandler
    startup_stm32f103xe.o(RESET) refers to stm32f1xx_it.o(i.USART1_IRQHandler) for USART1_IRQHandler
    startup_stm32f103xe.o(RESET) refers to stm32f1xx_it.o(i.USART2_IRQHandler) for USART2_IRQHandler
    startup_stm32f103xe.o(RESET) refers to stm32f1xx_it.o(i.USART3_IRQHandler) for USART3_IRQHandler
    startup_stm32f103xe.o(RESET) refers to stm32f1xx_it.o(i.EXTI15_10_IRQHandler) for EXTI15_10_IRQHandler
    startup_stm32f103xe.o(.text) refers (Special) to heapauxi.o(.text) for __use_two_region_memory
    startup_stm32f103xe.o(.text) refers to system_stm32f1xx.o(i.SystemInit) for SystemInit
    startup_stm32f103xe.o(.text) refers to __main.o(!!!main) for __main
    startup_stm32f103xe.o(.text) refers to startup_stm32f103xe.o(HEAP) for Heap_Mem
    startup_stm32f103xe.o(.text) refers to startup_stm32f103xe.o(STACK) for Stack_Mem
    main.o(i.HAL_GPIO_EXTI_Callback) refers to main.o(.bss) for .bss
    main.o(i.HAL_GPIO_EXTI_Callback) refers to main.o(.data) for .data
    main.o(i.HAL_RTC_GetTime_and_Date) refers to stm32f1xx_hal_rtc.o(i.HAL_RTC_GetTime) for HAL_RTC_GetTime
    main.o(i.HAL_RTC_GetTime_and_Date) refers to stm32f1xx_hal_rtc.o(i.HAL_RTC_GetDate) for HAL_RTC_GetDate
    main.o(i.HAL_RTC_GetTime_and_Date) refers to main.o(.bss) for .bss
    main.o(i.HAL_RTC_SetTime_and_Date) refers to stm32f1xx_hal_rtc.o(i.HAL_RTC_SetTime) for HAL_RTC_SetTime
    main.o(i.HAL_RTC_SetTime_and_Date) refers to stm32f1xx_hal_rtc.o(i.HAL_RTC_SetDate) for HAL_RTC_SetDate
    main.o(i.HAL_RTC_SetTime_and_Date) refers to main.o(.bss) for .bss
    main.o(i.MX_ADC1_Init) refers to stm32f1xx_hal_adc.o(i.HAL_ADC_Init) for HAL_ADC_Init
    main.o(i.MX_ADC1_Init) refers to stm32f1xx_hal_adc.o(i.HAL_ADC_ConfigChannel) for HAL_ADC_ConfigChannel
    main.o(i.MX_ADC1_Init) refers to main.o(.bss) for .bss
    main.o(i.MX_GPIO_Init) refers to stm32f1xx_hal_gpio.o(i.HAL_GPIO_WritePin) for HAL_GPIO_WritePin
    main.o(i.MX_GPIO_Init) refers to stm32f1xx_hal_gpio.o(i.HAL_GPIO_Init) for HAL_GPIO_Init
    main.o(i.MX_GPIO_Init) refers to stm32f1xx_hal_cortex.o(i.HAL_NVIC_SetPriority) for HAL_NVIC_SetPriority
    main.o(i.MX_GPIO_Init) refers to stm32f1xx_hal_cortex.o(i.HAL_NVIC_EnableIRQ) for HAL_NVIC_EnableIRQ
    main.o(i.MX_RTC_Init) refers to stm32f1xx_hal_rtc.o(i.HAL_RTC_Init) for HAL_RTC_Init
    main.o(i.MX_RTC_Init) refers to stm32f1xx_hal_rtc_ex.o(i.HAL_RTCEx_BKUPRead) for HAL_RTCEx_BKUPRead
    main.o(i.MX_RTC_Init) refers to stm32f1xx_hal_rtc.o(i.HAL_RTC_SetTime) for HAL_RTC_SetTime
    main.o(i.MX_RTC_Init) refers to stm32f1xx_hal_rtc.o(i.HAL_RTC_SetDate) for HAL_RTC_SetDate
    main.o(i.MX_RTC_Init) refers to stm32f1xx_hal_rtc_ex.o(i.HAL_RTCEx_BKUPWrite) for HAL_RTCEx_BKUPWrite
[...]
    EXTI3_IRQHandler                         0x08000293   Thumb Code     0  startup_stm32f103xe.o(.text)
    EXTI4_IRQHandler                         0x08000293   Thumb Code     0  startup_stm32f103xe.o(.text)
    EXTI9_5_IRQHandler                       0x08000293   Thumb Code     0  startup_stm32f103xe.o(.text)
    FLASH_IRQHandler                         0x08000293   Thumb Code     0  startup_stm32f103xe.o(.text)
    FSMC_IRQHandler                          0x08000293   Thumb Code     0  startup_stm32f103xe.o(.text)
    I2C1_ER_IRQHandler                       0x08000293   Thumb Code     0  startup_stm32f103xe.o(.text)
    I2C1_EV_IRQHandler                       0x08000293   Thumb Code     0  startup_stm32f103xe.o(.text)
    I2C2_ER_IRQHandler                       0x08000293   Thumb Code     0  startup_stm32f103xe.o(.text)
    I2C2_EV_IRQHandler                       0x08000293   Thumb Code     0  startup_stm32f103xe.o(.text)
    PVD_IRQHandler                           0x08000293   Thumb Code     0  startup_stm32f103xe.o(.text)
    RCC_IRQHandler                           0x08000293   Thumb Code     0  startup_stm32f103xe.o(.text)
    RTC_Alarm_IRQHandler                     0x08000293   Thumb Code     0  startup_stm32f103xe.o(.text)
    SDIO_IRQHandler                          0x08000293   Thumb Code     0  startup_stm32f103xe.o(.text)
    SPI1_IRQHandler                          0x08000293   Thumb Code     0  startup_stm32f103xe.o(.text)
    SPI2_IRQHandler                          0x08000293   Thumb Code     0  startup_stm32f103xe.o(.text)
    SPI3_IRQHandler                          0x08000293   Thumb Code     0  startup_stm32f103xe.o(.text)
    TAMPER_IRQHandler                        0x08000293   Thumb Code     0  startup_stm32f103xe.o(.text)
    TIM1_BRK_IRQHandler                      0x08000293   Thumb Code     0  startup_stm32f103xe.o(.text)
    TIM1_CC_IRQHandler                       0x08000293   Thumb Code     0  startup_stm32f103xe.o(.text)
    TIM1_TRG_COM_IRQHandler                  0x08000293   Thumb Code     0  startup_stm32f103xe.o(.text)
    TIM2_IRQHandler                          0x08000293   Thumb Code     0  startup_stm32f103xe.o(.text)
    TIM3_IRQHandler                          0x08000293   Thumb Code     0  startup_stm32f103xe.o(.text)
    TIM4_IRQHandler                          0x08000293   Thumb Code     0  startup_stm32f103xe.o(.text)
    TIM5_IRQHandler                          0x08000293   Thumb Code     0  startup_stm32f103xe.o(.text)
    TIM6_IRQHandler                          0x08000293   Thumb Code     0  startup_stm32f103xe.o(.text)
    TIM7_IRQHandler                          0x08000293   Thumb Code     0  startup_stm32f103xe.o(.text)
    TIM8_BRK_IRQHandler                      0x08000293   Thumb Code     0  startup_stm32f103xe.o(.text)
    TIM8_CC_IRQHandler                       0x08000293   Thumb Code     0  startup_stm32f103xe.o(.text)
    TIM8_TRG_COM_IRQHandler                  0x08000293   Thumb Code     0  startup_stm32f103xe.o(.text)
    TIM8_UP_IRQHandler                       0x08000293   Thumb Code     0  startup_stm32f103xe.o(.text)
    UART4_IRQHandler                         0x08000293   Thumb Code     0  startup_stm32f103xe.o(.text)
    UART5_IRQHandler                         0x08000293   Thumb Code     0  startup_stm32f103xe.o(.text)
    USBWakeUp_IRQHandler                     0x08000293   Thumb Code     0  startup_stm32f103xe.o(.text)
    USB_HP_CAN1_TX_IRQHandler                0x08000293   Thumb Code     0  startup_stm32f103xe.o(.text)
    USB_LP_CAN1_RX0_IRQHandler               0x08000293   Thumb Code     0  startup_stm32f103xe.o(.text)
    WWDG_IRQHandler                          0x08000293   Thumb Code     0  startup_stm32f103xe.o(.text)
    __user_initial_stackheap                 0x08000295   Thumb Code     0  startup_stm32f103xe.o(.text)
    vsnprintf                                0x080002b9   Thumb Code    48  vsnprintf.o(.text)
    __2snprintf                              0x080002ed   Thumb Code    50  __2snprintf.o(.text)
    _printf_pre_padding                      0x08000325   Thumb Code    44  _printf_pad.o(.text)
    _printf_post_padding                     0x08000351   Thumb Code    34  _printf_pad.o(.text)
    _printf_str                              0x08000373   Thumb Code    82  _printf_str.o(.text)
    _printf_int_dec                          0x080003c5   Thumb Code   104  _printf_dec.o(.text)
    __printf                                 0x0800043d   Thumb Code   388  __printf_flags_ss_wp.o(.text)
    strtoul                                  0x080005c5   Thumb Code   114  strtoul.o(.text)
    _strtok_r                                0x08000637   Thumb Code     4  strtok_r.o(.text)
    strtok_r                                 0x08000637   Thumb Code     0  strtok_r.o(.text)
    strchr                                   0x0800063b   Thumb Code    20  strchr.o(.text)
    strrchr                                  0x0800064f   Thumb Code    22  strrchr.o(.text)
    strlen                                   0x08000665   Thumb Code    62  strlen.o(.text)
    __aeabi_memcpy                           0x080006a3   Thumb Code     0  rt_memcpy_v6.o(.text)
    __rt_memcpy                              0x080006a3   Thumb Code   138  rt_memcpy_v6.o(.text)
    _memcpy_lastbytes                        0x08000709   Thumb Code     0  rt_memcpy_v6.o(.text)
    __aeabi_memcpy4                          0x0800072d   Thumb Code     0  rt_memcpy_w.o(.text)
    __aeabi_memcpy8                          0x0800072d   Thumb Code     0  rt_memcpy_w.o(.text)
    __rt_memcpy_w                            0x0800072d   Thumb Code   100  rt_memcpy_w.o(.text)
    _memcpy_lastbytes_aligned                0x08000775   Thumb Code     0  rt_memcpy_w.o(.text)
    __aeabi_memclr4                          0x08000791   Thumb Code     0  rt_memclr_w.o(.text)
    __aeabi_memclr8                          0x08000791   Thumb Code     0  rt_memclr_w.o(.text)
    __rt_memclr_w                            0x08000791   Thumb Code    78  rt_memclr_w.o(.text)
    _memset_w                                0x08000795   Thumb Code     0  rt_memclr_w.o(.text)
    strcmp                                   0x080007e1   Thumb Code   128  strcmpv7m.o(.text)
    mktime                                   0x0800089f   Thumb Code   352  mktime.o(.text)
    __use_two_region_memory                  0x08000a09   Thumb Code     2  heapauxi.o(.text)
    __rt_heap_escrow$2region                 0x08000a0b   Thumb Code     2  heapauxi.o(.text)
    __rt_heap_expand$2region                 0x08000a0d   Thumb Code     2  heapauxi.o(.text)
    __rt_ctype_table                         0x08000a11   Thumb Code    16  rt_ctype_table.o(.text)
    __aeabi_errno_addr                       0x08000a21   Thumb Code     8  rt_errno_addr_intlibspace.o(.text)
    __errno$intlibspace                      0x08000a21   Thumb Code     0  rt_errno_addr_intlibspace.o(.text)
    __rt_errno_addr$intlibspace              0x08000a21   Thumb Code     0  rt_errno_addr_intlibspace.o(.text)
    _printf_truncate_signed                  0x08000a29   Thumb Code    18  _printf_truncate.o(.text)
    _printf_truncate_unsigned                0x08000a3b   Thumb Code    18  _printf_truncate.o(.text)
    _printf_int_common                       0x08000a4d   Thumb Code   178  _printf_intcommon.o(.text)
    _printf_charcount                        0x08000aff   Thumb Code    40  _printf_charcount.o(.text)
    _printf_char_common                      0x08000b33   Thumb Code    32  _printf_char_common.o(.text)
    _sputc                                   0x08000b59   Thumb Code    10  _sputc.o(.text)
    _snputc                                  0x08000b63   Thumb Code    16  _snputc.o(.text)
    _printf_cs_common                        0x08000b73   Thumb Code    20  _printf_char.o(.text)
    _printf_char                             0x08000b87   Thumb Code    16  _printf_char.o(.text)
    _printf_string                           0x08000b97   Thumb Code     8  _printf_char.o(.text)
    _printf_wctomb                           0x08000ba1   Thumb Code   182  _printf_wctomb.o(.text)
    _printf_longlong_dec                     0x08000c5d   Thumb Code   108  _printf_longlong_dec.o(.text)
    _printf_longlong_oct                     0x08000cd9   Thumb Code    68  _printf_oct_int_ll.o(.text)
    _printf_int_oct                          0x08000d1d   Thumb Code    24  _printf_oct_int_ll.o(.text)
    _printf_ll_oct                           0x08000d35   Thumb Code    12  _printf_oct_int_ll.o(.text)
    _printf_longlong_hex                     0x08000d49   Thumb Code    86  _printf_hex_int_ll_ptr.o(.text)
    _printf_int_hex                          0x08000d9f   Thumb Code    28  _printf_hex_int_ll_ptr.o(.text)
    _printf_ll_hex                           0x08000dbb   Thumb Code    12  _printf_hex_int_ll_ptr.o(.text)
    _printf_hex_ptr                          0x08000dc7   Thumb Code    18  _printf_hex_int_ll_ptr.o(.text)
    _strtoul                                 0x08000ddd   Thumb Code   158  _strtoul.o(.text)
    __strtod_int                             0x08000eb9   Thumb Code    88  strtod.o(.text)
    __strtok_internal                        0x08000f1d   Thumb Code    64  strtok_int.o(.text)
    __user_libspace                          0x08000f61   Thumb Code     8  libspace.o(.text)
    __user_perproc_libspace                  0x08000f61   Thumb Code     0  libspace.o(.text)
    __user_perthread_libspace                0x08000f61   Thumb Code     0  libspace.o(.text)
    __rt_locale                              0x08000f69   Thumb Code     8  rt_locale_intlibspace.o(.text)
    _ll_udiv10                               0x08000f71   Thumb Code   138  lludiv10.o(.text)
    isspace                                  0x08000ffb   Thumb Code    18  isspace.o(.text)
    __lib_sel_fp_printf                      0x0800100d   Thumb Code     2  _printf_fp_dec.o(.text)
    _printf_fp_dec_real                      0x080011bb   Thumb Code   620  _printf_fp_dec.o(.text)
    _printf_fp_hex_real                      0x08001429   Thumb Code   754  _printf_fp_hex.o(.text)
    _printf_lcs_common                       0x08001725   Thumb Code    20  _printf_wchar.o(.text)
    _printf_wchar                            0x08001739   Thumb Code    16  _printf_wchar.o(.text)
    _printf_wstring                          0x08001749   Thumb Code     8  _printf_wchar.o(.text)
    _chval                                   0x08001751   Thumb Code    28  _chval.o(.text)
    _sgetc                                   0x0800176d   Thumb Code    30  _sgetc.o(.text)
    _sbackspace                              0x0800178b   Thumb Code    34  _sgetc.o(.text)
    _wcrtomb                                 0x080017ad   Thumb Code    64  _wcrtomb.o(.text)
    strcspn                                  0x080017ed   Thumb Code    32  strcspn.o(.text)
    strspn                                   0x0800180d   Thumb Code    28  strspn.o(.text)
    __user_setup_stackheap                   0x08001829   Thumb Code    74  sys_stackheap_outer.o(.text)
    _printf_fp_infnan                        0x08001875   Thumb Code   112  _printf_fp_infnan.o(.text)
    _scanf_really_real                       0x08001af1   Thumb Code   668  scanf_fp.o(.text)
    _btod_etento                             0x08001d99   Thumb Code   216  bigflt0.o(.text)
    exit                                     0x08001e75   Thumb Code    18  exit.o(.text)
    __read_errno                             0x08001e87   Thumb Code    10  _rserrno.o(.text)
    __set_errno                              0x08001e91   Thumb Code    12  _rserrno.o(.text)
    _scanf_really_hex_real                   0x08001e9d   Thumb Code   778  scanf_hexfp.o(.text)
    _scanf_really_infnan                     0x080021b5   Thumb Code   292  scanf_infnan.o(.text)
    _sys_exit                                0x080022e9   Thumb Code     8  sys_exit.o(.text)
    __aeabi_llsl                             0x080022f5   Thumb Code     0  llshl.o(.text)
    _ll_shift_l                              0x080022f5   Thumb Code    38  llshl.o(.text)
    __I$use$semihosting                      0x0800231b   Thumb Code     0  use_no_semi.o(.text)
    __use_no_semihosting_swi                 0x0800231b   Thumb Code     2  use_no_semi.o(.text)
    __semihosting_library_function           0x0800231d   Thumb Code     0  indicate_semi.o(.text)
    _btod_d2e                                0x0800231d   Thumb Code    62  btod.o(CL$$btod_d2e)
    _d2e_denorm_low                          0x0800235b   Thumb Code    70  btod.o(CL$$btod_d2e_denorm_low)
    _d2e_norm_op1                            0x080023a1   Thumb Code    96  btod.o(CL$$btod_d2e_norm_op1)
    __btod_div_common                        0x08002401   Thumb Code   696  btod.o(CL$$btod_div_common)
    _e2d                                     0x08002739   Thumb Code    80  btod.o(CL$$btod_e2d)
    _e2e                                     0x0800278d   Thumb Code   198  btod.o(CL$$btod_e2e)
    _btod_ediv                               0x08002853   Thumb Code    40  btod.o(CL$$btod_ediv)
    _btod_edivd                              0x0800287b   Thumb Code    40  btod.o(CL$$btod_edivd)
    _btod_emul                               0x080028a3   Thumb Code    40  btod.o(CL$$btod_emul)
    _btod_emuld                              0x080028cb   Thumb Code    40  btod.o(CL$$btod_emuld)
    __btod_mult_common                       0x080028f3   Thumb Code   580  btod.o(CL$$btod_mult_common)
    ADC_ConversionStop_Disable               0x08002b39   Thumb Code    86  stm32f1xx_hal_adc.o(i.ADC_ConversionStop_Disable)
    BusFault_Handler                         0x08002b8f   Thumb Code     2  stm32f1xx_it.o(i.BusFault_Handler)
    DMA1_Channel2_IRQHandler                 0x08002b91   Thumb Code     6  stm32f1xx_it.o(i.DMA1_Channel2_IRQHandler)
    DMA1_Channel4_IRQHandler                 0x08002b9d   Thumb Code     6  stm32f1xx_it.o(i.DMA1_Channel4_IRQHandler)
    DMA1_Channel6_IRQHandler                 0x08002ba9   Thumb Code     6  stm32f1xx_it.o(i.DMA1_Channel6_IRQHandler)
    DMA1_Channel7_IRQHandler                 0x08002bb5   Thumb Code     6  stm32f1xx_it.o(i.DMA1_Channel7_IRQHandler)
    DebugMon_Handler                         0x08002beb   Thumb Code     2  stm32f1xx_it.o(i.DebugMon_Handler)
    EXTI15_10_IRQHandler                     0x08002bed   Thumb Code     8  stm32f1xx_it.o(i.EXTI15_10_IRQHandler)
    EXTI2_IRQHandler                         0x08002bf5   Thumb Code     6  stm32f1xx_it.o(i.EXTI2_IRQHandler)
    Error_Handler                            0x08002bfb   Thumb Code     4  main.o(i.Error_Handler)
    HAL_ADC_ConfigChannel                    0x08002c01   Thumb Code   240  stm32f1xx_hal_adc.o(i.HAL_ADC_ConfigChannel)
    HAL_ADC_Init                             0x08002cfd   Thumb Code   276  stm32f1xx_hal_adc.o(i.HAL_ADC_Init)
    HAL_ADC_MspInit                          0x08002e21   Thumb Code   134  stm32f1xx_hal_msp.o(i.HAL_ADC_MspInit)
    HAL_DMA_Abort                            0x08002ebd   Thumb Code    70  stm32f1xx_hal_dma.o(i.HAL_DMA_Abort)
    HAL_DMA_Abort_IT                         0x08002f05   Thumb Code   296  stm32f1xx_hal_dma.o(i.HAL_DMA_Abort_IT)
    HAL_DMA_IRQHandler                       0x08003035   Thumb Code   552  stm32f1xx_hal_dma.o(i.HAL_DMA_IRQHandler)
    HAL_DMA_Init                             0x0800327d   Thumb Code   112  stm32f1xx_hal_dma.o(i.HAL_DMA_Init)
    HAL_DMA_Start_IT                         0x080032f9   Thumb Code   112  stm32f1xx_hal_dma.o(i.HAL_DMA_Start_IT)
    HAL_Delay                                0x08003369   Thumb Code    32  stm32f1xx_hal.o(i.HAL_Delay)
    HAL_GPIO_EXTI_Callback                   0x0800338d   Thumb Code    40  main.o(i.HAL_GPIO_EXTI_Callback)
    HAL_GPIO_EXTI_IRQHandler                 0x080033bd   Thumb Code    18  stm32f1xx_hal_gpio.o(i.HAL_GPIO_EXTI_IRQHandler)
    HAL_GPIO_Init                            0x080033d5   Thumb Code   462  stm32f1xx_hal_gpio.o(i.HAL_GPIO_Init)
    HAL_GPIO_TogglePin                       0x080035cd   Thumb Code    16  stm32f1xx_hal_gpio.o(i.HAL_GPIO_TogglePin)
    HAL_GPIO_WritePin                        0x080035dd   Thumb Code    10  stm32f1xx_hal_gpio.o(i.HAL_GPIO_WritePin)
    HAL_GetTick                              0x080035e9   Thumb Code     6  stm32f1xx_hal.o(i.HAL_GetTick)
    HAL_I2C_Init                             0x080035f5   Thumb Code   376  stm32f1xx_hal_i2c.o(i.HAL_I2C_Init)
    HAL_I2C_MspInit                          0x0800377d   Thumb Code    96  stm32f1xx_hal_msp.o(i.HAL_I2C_MspInit)
    HAL_IncTick                              0x080037ed   Thumb Code    12  stm32f1xx_hal.o(i.HAL_IncTick)
    HAL_Init                                 0x080037fd   Thumb Code    32  stm32f1xx_hal.o(i.HAL_Init)
    HAL_InitTick                             0x08003821   Thumb Code    54  stm32f1xx_hal.o(i.HAL_InitTick)
    HAL_MspInit                              0x08003861   Thumb Code    52  stm32f1xx_hal_msp.o(i.HAL_MspInit)
    HAL_NVIC_EnableIRQ                       0x0800389d   Thumb Code    26  stm32f1xx_hal_cortex.o(i.HAL_NVIC_EnableIRQ)
    HAL_NVIC_SetPriority                     0x080038b9   Thumb Code    60  stm32f1xx_hal_cortex.o(i.HAL_NVIC_SetPriority)
    HAL_NVIC_SetPriorityGrouping             0x080038f9   Thumb Code    26  stm32f1xx_hal_cortex.o(i.HAL_NVIC_SetPriorityGrouping)
    HAL_PWR_EnableBkUpAccess                 0x0800391d   Thumb Code     8  stm32f1xx_hal_pwr.o(i.HAL_PWR_EnableBkUpAccess)
    HAL_RCCEx_GetPeriphCLKFreq               0x08003929   Thumb Code   180  stm32f1xx_hal_rcc_ex.o(i.HAL_RCCEx_GetPeriphCLKFreq)
    HAL_RCCEx_PeriphCLKConfig                0x080039fd   Thumb Code   224  stm32f1xx_hal_rcc_ex.o(i.HAL_RCCEx_PeriphCLKConfig)
    HAL_RCC_CSSCallback                      0x08003ae9   Thumb Code     2  stm32f1xx_hal_rcc.o(i.HAL_RCC_CSSCallback)
    HAL_RCC_ClockConfig                      0x08003aed   Thumb Code   280  stm32f1xx_hal_rcc.o(i.HAL_RCC_ClockConfig)
    HAL_RCC_EnableCSS                        0x08003c19   Thumb Code     8  stm32f1xx_hal_rcc.o(i.HAL_RCC_EnableCSS)
    HAL_RCC_GetPCLK1Freq                     0x08003c25   Thumb Code    20  stm32f1xx_hal_rcc.o(i.HAL_RCC_GetPCLK1Freq)
    HAL_RCC_GetPCLK2Freq                     0x08003c45   Thumb Code    20  stm32f1xx_hal_rcc.o(i.HAL_RCC_GetPCLK2Freq)
    HAL_RCC_GetSysClockFreq                  0x08003c65   Thumb Code    74  stm32f1xx_hal_rcc.o(i.HAL_RCC_GetSysClockFreq)
    HAL_RCC_NMI_IRQHandler                   0x08003cd1   Thumb Code    20  stm32f1xx_hal_rcc.o(i.HAL_RCC_NMI_IRQHandler)
    HAL_RCC_OscConfig                        0x08003ce9   Thumb Code   770  stm32f1xx_hal_rcc.o(i.HAL_RCC_OscConfig)
    HAL_RTCEx_BKUPRead                       0x08004001   Thumb Code    10  stm32f1xx_hal_rtc_ex.o(i.HAL_RTCEx_BKUPRead)
    HAL_RTCEx_BKUPWrite                      0x08004011   Thumb Code    12  stm32f1xx_hal_rtc_ex.o(i.HAL_RTCEx_BKUPWrite)
    HAL_RTCEx_RTCEventCallback               0x08004021   Thumb Code     2  stm32f1xx_hal_rtc_ex.o(i.HAL_RTCEx_RTCEventCallback)
    HAL_RTCEx_RTCEventErrorCallback          0x08004023   Thumb Code     2  stm32f1xx_hal_rtc_ex.o(i.HAL_RTCEx_RTCEventErrorCallback)
    HAL_RTCEx_RTCIRQHandler                  0x08004025   Thumb Code    62  stm32f1xx_hal_rtc_ex.o(i.HAL_RTCEx_RTCIRQHandler)
    HAL_RTC_GetDate                          0x08004063   Thumb Code    78  stm32f1xx_hal_rtc.o(i.HAL_RTC_GetDate)
    HAL_RTC_GetTime                          0x080040b1   Thumb Code   216  stm32f1xx_hal_rtc.o(i.HAL_RTC_GetTime)
    HAL_RTC_GetTime_and_Date                 0x08004189   Thumb Code    34  main.o(i.HAL_RTC_GetTime_and_Date)
    HAL_RTC_Init                             0x080041b1   Thumb Code   154  stm32f1xx_hal_rtc.o(i.HAL_RTC_Init)
    HAL_RTC_MspInit                          0x08004251   Thumb Code    60  stm32f1xx_hal_msp.o(i.HAL_RTC_MspInit)
    HAL_RTC_SetDate                          0x08004299   Thumb Code   192  stm32f1xx_hal_rtc.o(i.HAL_RTC_SetDate)
    HAL_RTC_SetTime                          0x0800435d   Thumb Code   168  stm32f1xx_hal_rtc.o(i.HAL_RTC_SetTime)
    HAL_RTC_SetTime_and_Date                 0x08004409   Thumb Code    34  main.o(i.HAL_RTC_SetTime_and_Date)
    HAL_RTC_WaitForSynchro                   0x08004431   Thumb Code    58  stm32f1xx_hal_rtc.o(i.HAL_RTC_WaitForSynchro)
    HAL_SPI_Init                             0x0800446b   Thumb Code   178  stm32f1xx_hal_spi.o(i.HAL_SPI_Init)
    HAL_SPI_MspInit                          0x0800451d   Thumb Code   194  stm32f1xx_hal_msp.o(i.HAL_SPI_MspInit)
    HAL_SPI_Receive                          0x080045f5   Thumb Code   346  stm32f1xx_hal_spi.o(i.HAL_SPI_Receive)
    HAL_SPI_Transmit                         0x0800474f   Thumb Code   358  stm32f1xx_hal_spi.o(i.HAL_SPI_Transmit)
    HAL_SPI_TransmitReceive                  0x080048b5   Thumb Code   482  stm32f1xx_hal_spi.o(i.HAL_SPI_TransmitReceive)
    HAL_SYSTICK_Config                       0x08004a97   Thumb Code    40  stm32f1xx_hal_cortex.o(i.HAL_SYSTICK_Config)
    HAL_TIMEx_BreakCallback                  0x08004abf   Thumb Code     2  stm32f1xx_hal_tim_ex.o(i.HAL_TIMEx_BreakCallback)
    HAL_TIMEx_CommutCallback                 0x08004ac1   Thumb Code     2  stm32f1xx_hal_tim_ex.o(i.HAL_TIMEx_CommutCallback)
    HAL_TIMEx_MasterConfigSynchronization    0x08004ac5   Thumb Code   104  stm32f1xx_hal_tim_ex.o(i.HAL_TIMEx_MasterConfigSynchronization)
    HAL_TIM_Base_Init                        0x08004b41   Thumb Code    90  stm32f1xx_hal_tim.o(i.HAL_TIM_Base_Init)
    HAL_TIM_Base_MspInit                     0x08004b9d   Thumb Code    50  stm32f1xx_hal_msp.o(i.HAL_TIM_Base_MspInit)
    HAL_TIM_ConfigClockSource                0x08004bd9   Thumb Code   214  stm32f1xx_hal_tim.o(i.HAL_TIM_ConfigClockSource)
    HAL_TIM_IC_CaptureCallback               0x08004caf   Thumb Code     2  stm32f1xx_hal_tim.o(i.HAL_TIM_IC_CaptureCallback)
    HAL_TIM_IRQHandler                       0x08004cb1   Thumb Code   358  stm32f1xx_hal_tim.o(i.HAL_TIM_IRQHandler)
    HAL_TIM_OC_DelayElapsedCallback          0x08004e17   Thumb Code     2  stm32f1xx_hal_tim.o(i.HAL_TIM_OC_DelayElapsedCallback)
    HAL_TIM_PWM_PulseFinishedCallback        0x08004e19   Thumb Code     2  stm32f1xx_hal_tim.o(i.HAL_TIM_PWM_PulseFinishedCallback)
    HAL_TIM_PeriodElapsedCallback            0x08004e1b   Thumb Code     2  stm32f1xx_hal_tim.o(i.HAL_TIM_PeriodElapsedCallback)
    HAL_TIM_TriggerCallback                  0x08004e1d   Thumb Code     2  stm32f1xx_hal_tim.o(i.HAL_TIM_TriggerCallback)
    HAL_UARTEx_RxEventCallback               0x08004e1f   Thumb Code     2  stm32f1xx_hal_uart.o(i.HAL_UARTEx_RxEventCallback)
    HAL_UART_DMAStop                         0x08004e21   Thumb Code    88  stm32f1xx_hal_uart.o(i.HAL_UART_DMAStop)
    HAL_UART_ErrorCallback                   0x08004e79   Thumb Code     2  stm32f1xx_hal_uart.o(i.HAL_UART_ErrorCallback)
    HAL_UART_IRQHandler                      0x08004e7d   Thumb Code   520  stm32f1xx_hal_uart.o(i.HAL_UART_IRQHandler)
    HAL_UART_Init                            0x08005089   Thumb Code    98  stm32f1xx_hal_uart.o(i.HAL_UART_Init)
    HAL_UART_MspInit                         0x080050ed   Thumb Code   534  stm32f1xx_hal_msp.o(i.HAL_UART_MspInit)
    HAL_UART_Receive_DMA                     0x08005331   Thumb Code    42  stm32f1xx_hal_uart.o(i.HAL_UART_Receive_DMA)
    HAL_UART_RxCpltCallback                  0x0800535b   Thumb Code     2  stm32f1xx_hal_uart.o(i.HAL_UART_RxCpltCallback)
    HAL_UART_RxHalfCpltCallback              0x0800535d   Thumb Code     2  stm32f1xx_hal_uart.o(i.HAL_UART_RxHalfCpltCallback)
    HAL_UART_Transmit                        0x08005361   Thumb Code   178  stm32f1xx_hal_uart.o(i.HAL_UART_Transmit)
    HAL_UART_Transmit_DMA                    0x08005415   Thumb Code   114  stm32f1xx_hal_uart.o(i.HAL_UART_Transmit_DMA)
    HAL_UART_TxCpltCallback                  0x08005495   Thumb Code     2  stm32f1xx_hal_uart.o(i.HAL_UART_TxCpltCallback)
    HAL_UART_TxHalfCpltCallback              0x08005497   Thumb Code     2  stm32f1xx_hal_uart.o(i.HAL_UART_TxHalfCpltCallback)
    HardFault_Handler                        0x08005499   Thumb Code     2  stm32f1xx_it.o(i.HardFault_Handler)
    MemManage_Handler                        0x08005879   Thumb Code     2  stm32f1xx_it.o(i.MemManage_Handler)
    NMI_Handler                              0x0800587b   Thumb Code     6  stm32f1xx_it.o(i.NMI_Handler)
    PendSV_Handler                           0x08005881   Thumb Code     2  stm32f1xx_it.o(i.PendSV_Handler)
    RTC_IRQHandler                           0x080059c5   Thumb Code     6  stm32f1xx_it.o(i.RTC_IRQHandler)
    SVC_Handler                              0x08005bd9   Thumb Code     2  stm32f1xx_it.o(i.SVC_Handler)
    SysTick_Handler                          0x08005bdb   Thumb Code     4  stm32f1xx_it.o(i.SysTick_Handler)
    SystemClock_Config                       0x08005bdf   Thumb Code   138  main.o(i.SystemClock_Config)
    SystemInit                               0x08005c69   Thumb Code     2  system_stm32f1xx.o(i.SystemInit)
    TIM1_UP_IRQHandler                       0x08005c6d   Thumb Code     6  stm32f1xx_it.o(i.TIM1_UP_IRQHandler)
    TIM_Base_SetConfig                       0x08005c79   Thumb Code   120  stm32f1xx_hal_tim.o(i.TIM_Base_SetConfig)
    TIM_ETR_SetConfig                        0x08005d05   Thumb Code    20  stm32f1xx_hal_tim.o(i.TIM_ETR_SetConfig)
    UART_Start_Receive_DMA                   0x08006025   Thumb Code    98  stm32f1xx_hal_uart.o(i.UART_Start_Receive_DMA)
    USART1_IRQHandler                        0x080060f9   Thumb Code     6  stm32f1xx_it.o(i.USART1_IRQHandler)
    USART2_IRQHandler                        0x08006105   Thumb Code    18  stm32f1xx_it.o(i.USART2_IRQHandler)
    USART3_IRQHandler                        0x0800611d   Thumb Code     6  stm32f1xx_it.o(i.USART3_IRQHandler)
    UsageFault_Handler                       0x08006129   Thumb Code     2  stm32f1xx_it.o(i.UsageFault_Handler)
    __ARM_fpclassify                         0x0800612b   Thumb Code    40  fpclassify.o(i.__ARM_fpclassify)
    __mathlib_dbl_overflow                   0x08006173   Thumb Code    14  dunder.o(i.__mathlib_dbl_overflow)
    __mathlib_dbl_underflow                  0x08006181   Thumb Code    10  dunder.o(i.__mathlib_dbl_underflow)
    __mathlib_narrow                         0x08006191   Thumb Code    16  narrow.o(i.__mathlib_narrow)
    __mathlib_tofloat                        0x080061a1   Thumb Code   132  narrow.o(i.__mathlib_tofloat)
    __support_ldexp                          0x08006229   Thumb Code    22  ldexp.o(i.__support_ldexp)
    _is_digit                                0x0800623f   Thumb Code    14  __printf_wp.o(i._is_digit)
    adler32                                  0x0800624d   Thumb Code    48  main.o(i.adler32)
    adxl355_conversion_acc_data              0x0800627d   Thumb Code    50  main.o(i.adxl355_conversion_acc_data)
    adxl355_init                             0x080062bd   Thumb Code   496  main.o(i.adxl355_init)
    adxl355_start_work                       0x0800672d   Thumb Code    62  main.o(i.adxl355_start_work)
    frexp                                    0x080067b5   Thumb Code    80  frexp.o(i.frexp)
    get_chip_memery_info                     0x0800680d   Thumb Code    10  main.o(i.get_chip_memery_info)
    get_chip_serial_num                      0x08006821   Thumb Code    26  main.o(i.get_chip_serial_num)
    get_unix_timestamp                       0x080069c1   Thumb Code    62  main.o(i.get_unix_timestamp)
    ldexp                                    0x080069ff   Thumb Code   116  ldexp.o(i.ldexp)
    led_ctl                                  0x08006a75   Thumb Code    66  main.o(i.led_ctl)
    log_message                              0x08006abd   Thumb Code   190  main.o(i.log_message)
    log_print                                0x08006bb1   Thumb Code    58  main.o(i.log_print)
    main                                     0x08006bfd   Thumb Code  1448  main.o(i.main)
    my_basename                              0x080071a5   Thumb Code    20  main.o(i.my_basename)
    package_xl355_raw_data                   0x080071b9   Thumb Code   130  main.o(i.package_xl355_raw_data)
    parse_nmea_message                       0x0800741d   Thumb Code   106  main.o(i.parse_nmea_message)
    spi_read_byte                            0x0800759d   Thumb Code    74  main.o(i.spi_read_byte)
    spi_read_multipe_bytes                   0x080075f1   Thumb Code   166  main.o(i.spi_read_multipe_bytes)
    spi_write_byte                           0x08007705   Thumb Code    70  main.o(i.spi_write_byte)
    strtod                                   0x0800779b   Thumb Code    28  strtod.o(i.strtod)
    strtof                                   0x080077b7   Thumb Code    34  strtof.o(i.strtof)
    ubx_init                                 0x080077d9   Thumb Code   232  main.o(i.ubx_init)
    ubx_msg_generate                         0x080079e1   Thumb Code   102  main.o(i.ubx_msg_generate)
    ubx_reset                                0x08007a49   Thumb Code    40  main.o(i.ubx_reset)
    ubx_uart_recv_data_callback              0x08007a75   Thumb Code   106  main.o(i.ubx_uart_recv_data_callback)
    utc_to_timezone_time                     0x08007ae5   Thumb Code   206  main.o(i.utc_to_timezone_time)
    _get_lc_ctype                            0x08007bb5   Thumb Code    44  lc_ctype_c.o(locale$$code)
    _get_lc_numeric                          0x08007be1   Thumb Code    44  lc_numeric_c.o(locale$$code)
    __aeabi_d2f                              0x08007c0d   Thumb Code     0  d2f.o(x$fpl$d2f)
    _d2f                                     0x08007c0d   Thumb Code    98  d2f.o(x$fpl$d2f)
    __fpl_dcheck_NaN1                        0x08007c71   Thumb Code    10  dcheck1.o(x$fpl$dcheck1)
    __fpl_dcmp_Inf                           0x08007c81   Thumb Code    24  dcmpi.o(x$fpl$dcmpinf)
    __aeabi_cdcmpeq                          0x08007c99   Thumb Code     0  deqf.o(x$fpl$deqf)
    _dcmpeq                                  0x08007c99   Thumb Code   120  deqf.o(x$fpl$deqf)
    __aeabi_i2d                              0x08007d11   Thumb Code     0  dflt_clz.o(x$fpl$dflt)
    _dflt                                    0x08007d11   Thumb Code    46  dflt_clz.o(x$fpl$dflt)
    __aeabi_cdcmple                          0x08007d41   Thumb Code     0  dleqf.o(x$fpl$dleqf)
    _dcmple                                  0x08007d41   Thumb Code   120  dleqf.o(x$fpl$dleqf)
    __fpl_dcmple_InfNaN                      0x08007da3   Thumb Code     0  dleqf.o(x$fpl$dleqf)
    __aeabi_dmul                             0x08007db9   Thumb Code     0  dmul.o(x$fpl$dmul)
    _dmul                                    0x08007db9   Thumb Code   332  dmul.o(x$fpl$dmul)
    __fpl_dnaninf                            0x08007f0d   Thumb Code   156  dnaninf.o(x$fpl$dnaninf)
    __fpl_dretinf                            0x08007fa9   Thumb Code    12  dretinf.o(x$fpl$dretinf)
    __aeabi_cdrcmple                         0x08007fb5   Thumb Code     0  drleqf.o(x$fpl$drleqf)
    _drcmple                                 0x08007fb5   Thumb Code   108  drleqf.o(x$fpl$drleqf)
    __aeabi_f2d                              0x08008021   Thumb Code     0  f2d.o(x$fpl$f2d)
    _f2d                                     0x08008021   Thumb Code    86  f2d.o(x$fpl$f2d)
    __fpl_fnaninf                            0x08008077   Thumb Code   140  fnaninf.o(x$fpl$fnaninf)
    __fpl_fretinf                            0x08008103   Thumb Code    10  fretinf.o(x$fpl$fretinf)
    _printf_fp_dec                           0x0800810d   Thumb Code     4  printf1.o(x$fpl$printf1)
    _printf_fp_hex                           0x08008111   Thumb Code     4  printf2.o(x$fpl$printf2)
    __fpl_return_NaN                         0x08008115   Thumb Code   100  retnan.o(x$fpl$retnan)
    __ARM_scalbn                             0x08008179   Thumb Code    92  scalbn.o(x$fpl$scalbn)
    _scanf_real                              0x080081d5   Thumb Code     4  scanf1.o(x$fpl$scanf1)
    _scanf_hex_real                          0x080081d9   Thumb Code     4  scanf2.o(x$fpl$scanf2)
    _scanf_infnan                            0x080081dd   Thumb Code     4  scanf2.o(x$fpl$scanf2)
    __fpl_cmpreturn                          0x080081e1   Thumb Code    48  trapv.o(x$fpl$trapveneer)
    UBX_MSG_DATA_SET_TIMEPULSE_0             0x08008210   Data          32  main.o(.constdata)
    __I$use$fp                               0x08008210   Number         0  usenofp.o(x$fpl$usenofp)
    AHBPrescTable                            0x08008230   Data          16  system_stm32f1xx.o(.constdata)
    APBPrescTable                            0x08008240   Data           8  system_stm32f1xx.o(.constdata)
    _monlen                                  0x0800828c   Data          12  _monlen.o(.constdata)
    Region$$Table$$Base                      0x0800843c   Number         0  anon$$obj.o(Region$$Table)
    Region$$Table$$Limit                     0x0800845c   Number         0  anon$$obj.o(Region$$Table)
    __aeabi_HUGE_VAL                         0x0800845c   Data           0  fpconst.o(c$$dinf)
    __aeabi_HUGE_VALL                        0x0800845c   Data           0  fpconst.o(c$$dinf)
    __aeabi_INFINITY                         0x0800845c   Data           0  fpconst.o(c$$dinf)
    __dInf                                   0x0800845c   Data           0  fpconst.o(c$$dinf)
    __huge_val                               0x0800845c   Data           0  fpconst.o(c$$dinf)
    __ctype                                  0x08008471   Data           0  lc_ctype_c.o(locale$$data)
    log_msg_len                              0x20000000   Data           2  main.o(.data)
    xl355_fifo_full_flag                     0x20000004   Data           4  main.o(.data)
    msg_len                                  0x20000008   Data           4  main.o(.data)
    int_device_memery_info                   0x2000000c   Data           4  main.o(.data)
    UBX_MSG_DATA_SET_TIMEPULSE_1             0x20000010   Data          32  main.o(.data)
    uwTickFreq                               0x20000030   Data           1  stm32f1xx_hal.o(.data)
    uwTickPrio                               0x20000034   Data           4  stm32f1xx_hal.o(.data)
    uwTick                                   0x20000038   Data           4  stm32f1xx_hal.o(.data)
    SystemCoreClock                          0x2000003c   Data           4  system_stm32f1xx.o(.data)
    spi_send_array                           0x20000040   Data        4700  main.o(.bss)
    spi_send_array_bak                       0x2000129c   Data        4700  main.o(.bss)
    print_msg                                0x200024f8   Data         256  main.o(.bss)
    ubx_buff                                 0x200025f8   Data        3000  main.o(.bss)
    hadc1                                    0x200031b0   Data          48  main.o(.bss)
    hi2c1                                    0x200031e0   Data          84  main.o(.bss)
    hrtc                                     0x20003234   Data          20  main.o(.bss)
    hspi1                                    0x20003248   Data          88  main.o(.bss)
    hspi3                                    0x200032a0   Data          88  main.o(.bss)
    htim1                                    0x200032f8   Data          72  main.o(.bss)
    huart1                                   0x20003340   Data          68  main.o(.bss)
    huart2                                   0x20003384   Data          68  main.o(.bss)
    huart3                                   0x200033c8   Data          68  main.o(.bss)
    int_device_serial                        0x2000340c   Data          12  main.o(.bss)
    ubx_rx_buffer                            0x20003418   Data        3004  main.o(.bss)
    sys_run                                  0x20003fd4   Data          20  main.o(.bss)
    gs_gnss_info                             0x20003fe8   Data          56  main.o(.bss)
    log_msg_buf                              0x20004020   Data        7500  main.o(.bss)
    log_msg_send                             0x20005d6c   Data        7500  main.o(.bss)
    hdma_usart1_tx                           0x20007ab8   Data          68  main.o(.bss)
    hdma_usart2_rx                           0x20007afc   Data          68  main.o(.bss)
    hdma_usart2_tx                           0x20007b40   Data          68  main.o(.bss)
    hdma_usart3_tx                           0x20007b84   Data          68  main.o(.bss)
    __libspace_start                         0x20007bc8   Data          96  libspace.o(.bss)
    __temporary_stack_top$libspace           0x20007c28   Data           0  libspace.o(.bss)



==============================================================================

Memory Map of the image

  Image Entry point : 0x08000131

  Load Region LR_IROM1 (Base: 0x08000000, Size: 0x000085d0, Max: 0x00040000, ABSOLUTE)

    Execution Region ER_IROM1 (Exec base: 0x08000000, Load base: 0x08000000, Size: 0x00008590, Max: 0x00040000, ABSOLUTE)

    Exec Addr    Load Addr    Size         Type   Attr      Idx    E Section Name        Object

    0x08000000   0x08000000   0x00000130   Data   RO            3    RESET               startup_stm32f103xe.o
    0x08000130   0x08000130   0x00000008   Code   RO         4394  * !!!main             c_w.l(__main.o)
    0x08000138   0x08000138   0x00000034   Code   RO         4818    !!!scatter          c_w.l(__scatter.o)
    0x0800016c   0x0800016c   0x0000001a   Code   RO         4820    !!handler_copy      c_w.l(__scatter_copy.o)
    0x08000186   0x08000186   0x00000002   PAD
    0x08000188   0x08000188   0x0000001c   Code   RO         4822    !!handler_zi        c_w.l(__scatter_zi.o)
    0x080001a4   0x080001a4   0x00000000   Code   RO         4371    .ARM.Collect$$_printf_percent$$00000000  c_w.l(_printf_percent.o)
    0x080001a4   0x080001a4   0x00000006   Code   RO         4481    .ARM.Collect$$_printf_percent$$00000001  c_w.l(_printf_n.o)
    0x080001aa   0x080001aa   0x00000006   Code   RO         4483    .ARM.Collect$$_printf_percent$$00000002  c_w.l(_printf_p.o)
    0x080001b0   0x080001b0   0x00000006   Code   RO         4487    .ARM.Collect$$_printf_percent$$00000003  c_w.l(_printf_f.o)
    0x080001b6   0x080001b6   0x00000006   Code   RO         4488    .ARM.Collect$$_printf_percent$$00000004  c_w.l(_printf_e.o)
    0x080001bc   0x080001bc   0x00000006   Code   RO         4489    .ARM.Collect$$_printf_percent$$00000005  c_w.l(_printf_g.o)
    0x080001c2   0x080001c2   0x00000006   Code   RO         4490    .ARM.Collect$$_printf_percent$$00000006  c_w.l(_printf_a.o)
    0x080001c8   0x080001c8   0x0000000a   Code   RO         4495    .ARM.Collect$$_printf_percent$$00000007  c_w.l(_printf_ll.o)
    0x080001d2   0x080001d2   0x00000006   Code   RO         4485    .ARM.Collect$$_printf_percent$$00000008  c_w.l(_printf_i.o)
    0x080001d8   0x080001d8   0x00000006   Code   RO         4486    .ARM.Collect$$_printf_percent$$00000009  c_w.l(_printf_d.o)
    0x080001de   0x080001de   0x00000006   Code   RO         4370    .ARM.Collect$$_printf_percent$$0000000A  c_w.l(_printf_u.o)
    0x080001e4   0x080001e4   0x00000006   Code   RO         4484    .ARM.Collect$$_printf_percent$$0000000B  c_w.l(_printf_o.o)
    0x080001ea   0x080001ea   0x00000006   Code   RO         4482    .ARM.Collect$$_printf_percent$$0000000C  c_w.l(_printf_x.o)
    0x080001f0   0x080001f0   0x00000006   Code   RO         4492    .ARM.Collect$$_printf_percent$$0000000D  c_w.l(_printf_lli.o)
    0x080001f6   0x080001f6   0x00000006   Code   RO         4493    .ARM.Collect$$_printf_percent$$0000000E  c_w.l(_printf_lld.o)
    0x080001fc   0x080001fc   0x00000006   Code   RO         4494    .ARM.Collect$$_printf_percent$$0000000F  c_w.l(_printf_llu.o)
    0x08000202   0x08000202   0x00000006   Code   RO         4499    .ARM.Collect$$_printf_percent$$00000010  c_w.l(_printf_llo.o)
    0x08000208   0x08000208   0x00000006   Code   RO         4500    .ARM.Collect$$_printf_percent$$00000011  c_w.l(_printf_llx.o)
    0x0800020e   0x0800020e   0x0000000a   Code   RO         4496    .ARM.Collect$$_printf_percent$$00000012  c_w.l(_printf_l.o)
    0x08000218   0x08000218   0x00000006   Code   RO         4480    .ARM.Collect$$_printf_percent$$00000013  c_w.l(_printf_c.o)
    0x0800021e   0x0800021e   0x00000006   Code   RO         4369    .ARM.Collect$$_printf_percent$$00000014  c_w.l(_printf_s.o)
    0x08000224   0x08000224   0x00000006   Code   RO         4497    .ARM.Collect$$_printf_percent$$00000015  c_w.l(_printf_lc.o)
    0x0800022a   0x0800022a   0x00000006   Code   RO         4498    .ARM.Collect$$_printf_percent$$00000016  c_w.l(_printf_ls.o)
    0x08000230   0x08000230   0x00000004   Code   RO         4491    .ARM.Collect$$_printf_percent$$00000017  c_w.l(_printf_percent_end.o)
    0x08000234   0x08000234   0x00000002   Code   RO         4617    .ARM.Collect$$libinit$$00000000  c_w.l(libinit.o)
    0x08000236   0x08000236   0x00000000   Code   RO         4619    .ARM.Collect$$libinit$$00000002  c_w.l(libinit2.o)
    0x08000236   0x08000236   0x00000000   Code   RO         4621    .ARM.Collect$$libinit$$00000004  c_w.l(libinit2.o)
    0x08000236   0x08000236   0x00000000   Code   RO         4624    .ARM.Collect$$libinit$$0000000A  c_w.l(libinit2.o)
    0x08000236   0x08000236   0x00000000   Code   RO         4626    .ARM.Collect$$libinit$$0000000C  c_w.l(libinit2.o)
    0x08000236   0x08000236   0x00000000   Code   RO         4628    .ARM.Collect$$libinit$$0000000E  c_w.l(libinit2.o)
    0x08000236   0x08000236   0x00000006   Code   RO         4629    .ARM.Collect$$libinit$$0000000F  c_w.l(libinit2.o)
    0x0800023c   0x0800023c   0x00000000   Code   RO         4631    .ARM.Collect$$libinit$$00000011  c_w.l(libinit2.o)
    0x0800023c   0x0800023c   0x0000000c   Code   RO         4632    .ARM.Collect$$libinit$$00000012  c_w.l(libinit2.o)
    0x08000248   0x08000248   0x00000000   Code   RO         4633    .ARM.Collect$$libinit$$00000013  c_w.l(libinit2.o)
    0x08000248   0x08000248   0x00000000   Code   RO         4635    .ARM.Collect$$libinit$$00000015  c_w.l(libinit2.o)
    0x08000248   0x08000248   0x0000000a   Code   RO         4636    .ARM.Collect$$libinit$$00000016  c_w.l(libinit2.o)
    0x08000252   0x08000252   0x00000000   Code   RO         4637    .ARM.Collect$$libinit$$00000017  c_w.l(libinit2.o)
    0x08000252   0x08000252   0x00000000   Code   RO         4639    .ARM.Collect$$libinit$$00000019  c_w.l(libinit2.o)
    0x08000252   0x08000252   0x00000000   Code   RO         4641    .ARM.Collect$$libinit$$0000001B  c_w.l(libinit2.o)
    0x08000252   0x08000252   0x00000000   Code   RO         4643    .ARM.Collect$$libinit$$0000001D  c_w.l(libinit2.o)
    0x08000252   0x08000252   0x00000000   Code   RO         4645    .ARM.Collect$$libinit$$0000001F  c_w.l(libinit2.o)
    0x08000252   0x08000252   0x00000000   Code   RO         4647    .ARM.Collect$$libinit$$00000021  c_w.l(libinit2.o)
    0x08000252   0x08000252   0x00000000   Code   RO         4649    .ARM.Collect$$libinit$$00000023  c_w.l(libinit2.o)
    0x08000252   0x08000252   0x00000000   Code   RO         4651    .ARM.Collect$$libinit$$00000025  c_w.l(libinit2.o)
    0x08000252   0x08000252   0x00000000   Code   RO         4655    .ARM.Collect$$libinit$$0000002C  c_w.l(libinit2.o)
    0x08000252   0x08000252   0x00000000   Code   RO         4657    .ARM.Collect$$libinit$$0000002E  c_w.l(libinit2.o)
    0x08000252   0x08000252   0x00000000   Code   RO         4659    .ARM.Collect$$libinit$$00000030  c_w.l(libinit2.o)
    0x08000252   0x08000252   0x00000000   Code   RO         4661    .ARM.Collect$$libinit$$00000032  c_w.l(libinit2.o)
    0x08000252   0x08000252   0x00000002   Code   RO         4662    .ARM.Collect$$libinit$$00000033  c_w.l(libinit2.o)
    0x08000254   0x08000254   0x00000002   Code   RO         4727    .ARM.Collect$$libshutdown$$00000000  c_w.l(libshutdown.o)
    0x08000256   0x08000256   0x00000000   Code   RO         4756    .ARM.Collect$$libshutdown$$00000002  c_w.l(libshutdown2.o)
    0x08000256   0x08000256   0x00000000   Code   RO         4758    .ARM.Collect$$libshutdown$$00000004  c_w.l(libshutdown2.o)
    0x08000256   0x08000256   0x00000000   Code   RO         4761    .ARM.Collect$$libshutdown$$00000007  c_w.l(libshutdown2.o)
    0x08000256   0x08000256   0x00000000   Code   RO         4764    .ARM.Collect$$libshutdown$$0000000A  c_w.l(libshutdown2.o)
    0x08000256   0x08000256   0x00000000   Code   RO         4766    .ARM.Collect$$libshutdown$$0000000C  c_w.l(libshutdown2.o)
    0x08000256   0x08000256   0x00000000   Code   RO         4769    .ARM.Collect$$libshutdown$$0000000F  c_w.l(libshutdown2.o)
    0x08000256   0x08000256   0x00000002   Code   RO         4770    .ARM.Collect$$libshutdown$$00000010  c_w.l(libshutdown2.o)
    0x08000258   0x08000258   0x00000000   Code   RO         4426    .ARM.Collect$$rtentry$$00000000  c_w.l(__rtentry.o)
    0x08000258   0x08000258   0x00000000   Code   RO         4529    .ARM.Collect$$rtentry$$00000002  c_w.l(__rtentry2.o)
    0x08000258   0x08000258   0x00000006   Code   RO         4541    .ARM.Collect$$rtentry$$00000004  c_w.l(__rtentry4.o)
    0x0800025e   0x0800025e   0x00000000   Code   RO         4531    .ARM.Collect$$rtentry$$00000009  c_w.l(__rtentry2.o)
    0x0800025e   0x0800025e   0x00000004   Code   RO         4532    .ARM.Collect$$rtentry$$0000000A  c_w.l(__rtentry2.o)
    0x08000262   0x08000262   0x00000000   Code   RO         4534    .ARM.Collect$$rtentry$$0000000C  c_w.l(__rtentry2.o)
    0x08000262   0x08000262   0x00000008   Code   RO         4535    .ARM.Collect$$rtentry$$0000000D  c_w.l(__rtentry2.o)
    0x0800026a   0x0800026a   0x00000002   Code   RO         4667    .ARM.Collect$$rtexit$$00000000  c_w.l(rtexit.o)
    0x0800026c   0x0800026c   0x00000000   Code   RO         4689    .ARM.Collect$$rtexit$$00000002  c_w.l(rtexit2.o)
    0x0800026c   0x0800026c   0x00000004   Code   RO         4690    .ARM.Collect$$rtexit$$00000003  c_w.l(rtexit2.o)
    0x08000270   0x08000270   0x00000006   Code   RO         4691    .ARM.Collect$$rtexit$$00000004  c_w.l(rtexit2.o)
    0x08000276   0x08000276   0x00000002   PAD
    0x08000278   0x08000278   0x00000040   Code   RO            4    .text               startup_stm32f103xe.o
    0x080002b8   0x080002b8   0x00000034   Code   RO         4335    .text               c_w.l(vsnprintf.o)
    0x080002ec   0x080002ec   0x00000038   Code   RO         4337    .text               c_w.l(__2snprintf.o)
    0x08000324   0x08000324   0x0000004e   Code   RO         4343    .text               c_w.l(_printf_pad.o)
    0x08000372   0x08000372   0x00000052   Code   RO         4345    .text               c_w.l(_printf_str.o)
    0x080003c4   0x080003c4   0x00000078   Code   RO         4347    .text               c_w.l(_printf_dec.o)
    0x0800043c   0x0800043c   0x00000188   Code   RO         4366    .text               c_w.l(__printf_flags_ss_wp.o)
    0x080005c4   0x080005c4   0x00000072   Code   RO         4372    .text               c_w.l(strtoul.o)
    0x08000636   0x08000636   0x00000004   Code   RO         4374    .text               c_w.l(strtok_r.o)
    0x0800063a   0x0800063a   0x00000014   Code   RO         4376    .text               c_w.l(strchr.o)
    0x0800064e   0x0800064e   0x00000016   Code   RO         4378    .text               c_w.l(strrchr.o)
    0x08000664   0x08000664   0x0000003e   Code   RO         4380    .text               c_w.l(strlen.o)
    0x080006a2   0x080006a2   0x0000008a   Code   RO         4382    .text               c_w.l(rt_memcpy_v6.o)
    0x0800072c   0x0800072c   0x00000064   Code   RO         4384    .text               c_w.l(rt_memcpy_w.o)
    0x08000790   0x08000790   0x0000004e   Code   RO         4386    .text               c_w.l(rt_memclr_w.o)
    0x080007de   0x080007de   0x00000002   PAD
    0x080007e0   0x080007e0   0x00000080   Code   RO         4388    .text               c_w.l(strcmpv7m.o)
    0x08000860   0x08000860   0x000001a8   Code   RO         4390    .text               c_w.l(mktime.o)
    0x08000a08   0x08000a08   0x00000006   Code   RO         4392    .text               c_w.l(heapauxi.o)
    0x08000a0e   0x08000a0e   0x00000002   PAD
    0x08000a10   0x08000a10   0x00000010   Code   RO         4427    .text               c_w.l(rt_ctype_table.o)
    0x08000a20   0x08000a20   0x00000008   Code   RO         4432    .text               c_w.l(rt_errno_addr_intlibspace.o)
    0x08000a28   0x08000a28   0x00000024   Code   RO         4434    .text               c_w.l(_printf_truncate.o)
    0x08000a4c   0x08000a4c   0x000000b2   Code   RO         4436    .text               c_w.l(_printf_intcommon.o)
    0x08000afe   0x08000afe   0x00000028   Code   RO         4438    .text               c_w.l(_printf_charcount.o)
    0x08000b26   0x08000b26   0x00000002   PAD
    0x08000b28   0x08000b28   0x00000030   Code   RO         4440    .text               c_w.l(_printf_char_common.o)
    0x08000b58   0x08000b58   0x0000000a   Code   RO         4442    .text               c_w.l(_sputc.o)
    0x08000b62   0x08000b62   0x00000010   Code   RO         4444    .text               c_w.l(_snputc.o)
    0x08000b72   0x08000b72   0x0000002c   Code   RO         4446    .text               c_w.l(_printf_char.o)
    0x08000b9e   0x08000b9e   0x00000002   PAD
    0x08000ba0   0x08000ba0   0x000000bc   Code   RO         4448    .text               c_w.l(_printf_wctomb.o)
    0x08000c5c   0x08000c5c   0x0000007c   Code   RO         4451    .text               c_w.l(_printf_longlong_dec.o)
    0x08000cd8   0x08000cd8   0x00000070   Code   RO         4457    .text               c_w.l(_printf_oct_int_ll.o)
    0x08000d48   0x08000d48   0x00000094   Code   RO         4477    .text               c_w.l(_printf_hex_int_ll_ptr.o)
    0x08000ddc   0x08000ddc   0x0000009e   Code   RO         4501    .text               c_w.l(_strtoul.o)
    0x08000e7a   0x08000e7a   0x00000002   PAD
    0x08000e7c   0x08000e7c   0x000000a0   Code   RO         4503    .text               c_w.l(strtod.o)
    0x08000f1c   0x08000f1c   0x00000044   Code   RO         4505    .text               c_w.l(strtok_int.o)
    0x08000f60   0x08000f60   0x00000008   Code   RO         4525    .text               c_w.l(libspace.o)
    0x08000f68   0x08000f68   0x00000008   Code   RO         4546    .text               c_w.l(rt_locale_intlibspace.o)
    0x08000f70   0x08000f70   0x0000008a   Code   RO         4548    .text               c_w.l(lludiv10.o)
    0x08000ffa   0x08000ffa   0x00000012   Code   RO         4550    .text               c_w.l(isspace.o)
    0x0800100c   0x0800100c   0x0000041a   Code   RO         4552    .text               c_w.l(_printf_fp_dec.o)
    0x08001426   0x08001426   0x00000002   PAD
    0x08001428   0x08001428   0x000002fc   Code   RO         4554    .text               c_w.l(_printf_fp_hex.o)
    0x08001724   0x08001724   0x0000002c   Code   RO         4559    .text               c_w.l(_printf_wchar.o)
    0x08001750   0x08001750   0x0000001c   Code   RO         4561    .text               c_w.l(_chval.o)
    0x0800176c   0x0800176c   0x00000040   Code   RO         4563    .text               c_w.l(_sgetc.o)
    0x080017ac   0x080017ac   0x00000040   Code   RO         4565    .text               c_w.l(_wcrtomb.o)
    0x080017ec   0x080017ec   0x00000020   Code   RO         4573    .text               c_w.l(strcspn.o)
    0x0800180c   0x0800180c   0x0000001c   Code   RO         4575    .text               c_w.l(strspn.o)
    0x08001828   0x08001828   0x0000004a   Code   RO         4579    .text               c_w.l(sys_stackheap_outer.o)
    0x08001872   0x08001872   0x00000002   PAD
    0x08001874   0x08001874   0x00000080   Code   RO         4581    .text               c_w.l(_printf_fp_infnan.o)
    0x080018f4   0x080018f4   0x000004a4   Code   RO         4583    .text               c_w.l(scanf_fp.o)
    0x08001d98   0x08001d98   0x000000dc   Code   RO         4585    .text               c_w.l(bigflt0.o)
    0x08001e74   0x08001e74   0x00000012   Code   RO         4610    .text               c_w.l(exit.o)
    0x08001e86   0x08001e86   0x00000016   Code   RO         4695    .text               c_w.l(_rserrno.o)
    0x08001e9c   0x08001e9c   0x00000318   Code   RO         4697    .text               c_w.l(scanf_hexfp.o)
    0x080021b4   0x080021b4   0x00000134   Code   RO         4699    .text               c_w.l(scanf_infnan.o)
    0x080022e8   0x080022e8   0x0000000c   Code   RO         4715    .text               c_w.l(sys_exit.o)
    0x080022f4   0x080022f4   0x00000026   Code   RO         4719    .text               c_w.l(llshl.o)
    0x0800231a   0x0800231a   0x00000002   Code   RO         4746    .text               c_w.l(use_no_semi.o)
    0x0800231c   0x0800231c   0x00000000   Code   RO         4748    .text               c_w.l(indicate_semi.o)
    0x0800231c   0x0800231c   0x0000003e   Code   RO         4588    CL$$btod_d2e        c_w.l(btod.o)
    0x0800235a   0x0800235a   0x00000046   Code   RO         4590    CL$$btod_d2e_denorm_low  c_w.l(btod.o)
    0x080023a0   0x080023a0   0x00000060   Code   RO         4589    CL$$btod_d2e_norm_op1  c_w.l(btod.o)
    0x08002400   0x08002400   0x00000338   Code   RO         4598    CL$$btod_div_common  c_w.l(btod.o)
    0x08002738   0x08002738   0x00000054   Code   RO         4596    CL$$btod_e2d        c_w.l(btod.o)
    0x0800278c   0x0800278c   0x000000c6   Code   RO         4595    CL$$btod_e2e        c_w.l(btod.o)
    0x08002852   0x08002852   0x00000028   Code   RO         4592    CL$$btod_ediv       c_w.l(btod.o)
    0x0800287a   0x0800287a   0x00000028   Code   RO         4594    CL$$btod_edivd      c_w.l(btod.o)
    0x080028a2   0x080028a2   0x00000028   Code   RO         4591    CL$$btod_emul       c_w.l(btod.o)
    0x080028ca   0x080028ca   0x00000028   Code   RO         4593    CL$$btod_emuld      c_w.l(btod.o)
    0x080028f2   0x080028f2   0x00000244   Code   RO         4597    CL$$btod_mult_common  c_w.l(btod.o)
    0x08002b36   0x08002b36   0x00000002   PAD
    0x08002b38   0x08002b38   0x00000056   Code   RO          689    i.ADC_ConversionStop_Disable  stm32f1xx_hal_adc.o
    0x08002b8e   0x08002b8e   0x00000002   Code   RO          407    i.BusFault_Handler  stm32f1xx_it.o
    0x08002b90   0x08002b90   0x0000000c   Code   RO          408    i.DMA1_Channel2_IRQHandler  stm32f1xx_it.o
    0x08002b9c   0x08002b9c   0x0000000c   Code   RO          409    i.DMA1_Channel4_IRQHandler  stm32f1xx_it.o
    0x08002ba8   0x08002ba8   0x0000000c   Code   RO          410    i.DMA1_Channel6_IRQHandler  stm32f1xx_it.o
    0x08002bb4   0x08002bb4   0x0000000c   Code   RO          411    i.DMA1_Channel7_IRQHandler  stm32f1xx_it.o
    0x08002bc0   0x08002bc0   0x0000002a   Code   RO         1343    i.DMA_SetConfig     stm32f1xx_hal_dma.o
    0x08002bea   0x08002bea   0x00000002   Code   RO          412    i.DebugMon_Handler  stm32f1xx_it.o
    0x08002bec   0x08002bec   0x00000008   Code   RO          413    i.EXTI15_10_IRQHandler  stm32f1xx_it.o
    0x08002bf4   0x08002bf4   0x00000006   Code   RO          414    i.EXTI2_IRQHandler  stm32f1xx_it.o
    0x08002bfa   0x08002bfa   0x00000004   Code   RO           13    i.Error_Handler     main.o
    0x08002bfe   0x08002bfe   0x00000002   PAD
    0x08002c00   0x08002c00   0x000000fc   Code   RO          695    i.HAL_ADC_ConfigChannel  stm32f1xx_hal_adc.o
    0x08002cfc   0x08002cfc   0x00000124   Code   RO          704    i.HAL_ADC_Init      stm32f1xx_hal_adc.o
    0x08002e20   0x08002e20   0x0000009c   Code   RO          557    i.HAL_ADC_MspInit   stm32f1xx_hal_msp.o
    0x08002ebc   0x08002ebc   0x00000046   Code   RO         1344    i.HAL_DMA_Abort     stm32f1xx_hal_dma.o
    0x08002f02   0x08002f02   0x00000002   PAD
    0x08002f04   0x08002f04   0x00000130   Code   RO         1345    i.HAL_DMA_Abort_IT  stm32f1xx_hal_dma.o
    0x08003034   0x08003034   0x00000248   Code   RO         1349    i.HAL_DMA_IRQHandler  stm32f1xx_hal_dma.o
    0x0800327c   0x0800327c   0x0000007c   Code   RO         1350    i.HAL_DMA_Init      stm32f1xx_hal_dma.o
    0x080032f8   0x080032f8   0x00000070   Code   RO         1354    i.HAL_DMA_Start_IT  stm32f1xx_hal_dma.o
    0x08003368   0x08003368   0x00000024   Code   RO          972    i.HAL_Delay         stm32f1xx_hal.o
    0x0800338c   0x0800338c   0x00000030   Code   RO           14    i.HAL_GPIO_EXTI_Callback  main.o
    0x080033bc   0x080033bc   0x00000018   Code   RO         1279    i.HAL_GPIO_EXTI_IRQHandler  stm32f1xx_hal_gpio.o
    0x080033d4   0x080033d4   0x000001f8   Code   RO         1280    i.HAL_GPIO_Init     stm32f1xx_hal_gpio.o
    0x080035cc   0x080035cc   0x00000010   Code   RO         1283    i.HAL_GPIO_TogglePin  stm32f1xx_hal_gpio.o
    0x080035dc   0x080035dc   0x0000000a   Code   RO         1284    i.HAL_GPIO_WritePin  stm32f1xx_hal_gpio.o
    0x080035e6   0x080035e6   0x00000002   PAD
    0x080035e8   0x080035e8   0x0000000c   Code   RO          976    i.HAL_GetTick       stm32f1xx_hal.o
    0x080035f4   0x080035f4   0x00000188   Code   RO         1951    i.HAL_I2C_Init      stm32f1xx_hal_i2c.o
    0x0800377c   0x0800377c   0x00000070   Code   RO          559    i.HAL_I2C_MspInit   stm32f1xx_hal_msp.o
    0x080037ec   0x080037ec   0x00000010   Code   RO          982    i.HAL_IncTick       stm32f1xx_hal.o
    0x080037fc   0x080037fc   0x00000024   Code   RO          983    i.HAL_Init          stm32f1xx_hal.o
    0x08003820   0x08003820   0x00000040   Code   RO          984    i.HAL_InitTick      stm32f1xx_hal.o
    0x08003860   0x08003860   0x0000003c   Code   RO          560    i.HAL_MspInit       stm32f1xx_hal_msp.o
    0x0800389c   0x0800389c   0x0000001a   Code   RO         1440    i.HAL_NVIC_EnableIRQ  stm32f1xx_hal_cortex.o
    0x080038b6   0x080038b6   0x00000002   PAD
    0x080038b8   0x080038b8   0x00000040   Code   RO         1446    i.HAL_NVIC_SetPriority  stm32f1xx_hal_cortex.o
    0x080038f8   0x080038f8   0x00000024   Code   RO         1447    i.HAL_NVIC_SetPriorityGrouping  stm32f1xx_hal_cortex.o
    0x0800391c   0x0800391c   0x0000000c   Code   RO         1562    i.HAL_PWR_EnableBkUpAccess  stm32f1xx_hal_pwr.o
    0x08003928   0x08003928   0x000000d4   Code   RO         1242    i.HAL_RCCEx_GetPeriphCLKFreq  stm32f1xx_hal_rcc_ex.o
    0x080039fc   0x080039fc   0x000000ec   Code   RO         1243    i.HAL_RCCEx_PeriphCLKConfig  stm32f1xx_hal_rcc_ex.o
    0x08003ae8   0x08003ae8   0x00000002   Code   RO         1139    i.HAL_RCC_CSSCallback  stm32f1xx_hal_rcc.o
    0x08003aea   0x08003aea   0x00000002   PAD
    0x08003aec   0x08003aec   0x0000012c   Code   RO         1140    i.HAL_RCC_ClockConfig  stm32f1xx_hal_rcc.o
    0x08003c18   0x08003c18   0x0000000c   Code   RO         1143    i.HAL_RCC_EnableCSS  stm32f1xx_hal_rcc.o
    0x08003c24   0x08003c24   0x00000020   Code   RO         1147    i.HAL_RCC_GetPCLK1Freq  stm32f1xx_hal_rcc.o
    0x08003c44   0x08003c44   0x00000020   Code   RO         1148    i.HAL_RCC_GetPCLK2Freq  stm32f1xx_hal_rcc.o
    0x08003c64   0x08003c64   0x0000006c   Code   RO         1149    i.HAL_RCC_GetSysClockFreq  stm32f1xx_hal_rcc.o
    0x08003cd0   0x08003cd0   0x00000018   Code   RO         1151    i.HAL_RCC_NMI_IRQHandler  stm32f1xx_hal_rcc.o
    0x08003ce8   0x08003ce8   0x00000318   Code   RO         1152    i.HAL_RCC_OscConfig  stm32f1xx_hal_rcc.o
    0x08004000   0x08004000   0x00000010   Code   RO         2542    i.HAL_RTCEx_BKUPRead  stm32f1xx_hal_rtc_ex.o
    0x08004010   0x08004010   0x00000010   Code   RO         2543    i.HAL_RTCEx_BKUPWrite  stm32f1xx_hal_rtc_ex.o
    0x08004020   0x08004020   0x00000002   Code   RO         2547    i.HAL_RTCEx_RTCEventCallback  stm32f1xx_hal_rtc_ex.o
    0x08004022   0x08004022   0x00000002   Code   RO         2548    i.HAL_RTCEx_RTCEventErrorCallback  stm32f1xx_hal_rtc_ex.o
    0x08004024   0x08004024   0x0000003e   Code   RO         2549    i.HAL_RTCEx_RTCIRQHandler  stm32f1xx_hal_rtc_ex.o
    0x08004062   0x08004062   0x0000004e   Code   RO         2377    i.HAL_RTC_GetDate   stm32f1xx_hal_rtc.o
    0x080040b0   0x080040b0   0x000000d8   Code   RO         2379    i.HAL_RTC_GetTime   stm32f1xx_hal_rtc.o
    0x08004188   0x08004188   0x00000028   Code   RO           15    i.HAL_RTC_GetTime_and_Date  main.o
    0x080041b0   0x080041b0   0x000000a0   Code   RO         2380    i.HAL_RTC_Init      stm32f1xx_hal_rtc.o
    0x08004250   0x08004250   0x00000048   Code   RO          562    i.HAL_RTC_MspInit   stm32f1xx_hal_msp.o
    0x08004298   0x08004298   0x000000c4   Code   RO         2386    i.HAL_RTC_SetDate   stm32f1xx_hal_rtc.o
    0x0800435c   0x0800435c   0x000000ac   Code   RO         2387    i.HAL_RTC_SetTime   stm32f1xx_hal_rtc.o
    0x08004408   0x08004408   0x00000028   Code   RO           16    i.HAL_RTC_SetTime_and_Date  main.o
    0x08004430   0x08004430   0x0000003a   Code   RO         2388    i.HAL_RTC_WaitForSynchro  stm32f1xx_hal_rtc.o
    0x0800446a   0x0800446a   0x000000b2   Code   RO         2655    i.HAL_SPI_Init      stm32f1xx_hal_spi.o
    0x0800451c   0x0800451c   0x000000d8   Code   RO          564    i.HAL_SPI_MspInit   stm32f1xx_hal_msp.o
    0x080045f4   0x080045f4   0x0000015a   Code   RO         2658    i.HAL_SPI_Receive   stm32f1xx_hal_spi.o
    0x0800474e   0x0800474e   0x00000166   Code   RO         2663    i.HAL_SPI_Transmit  stm32f1xx_hal_spi.o
    0x080048b4   0x080048b4   0x000001e2   Code   RO         2664    i.HAL_SPI_TransmitReceive  stm32f1xx_hal_spi.o
    0x08004a96   0x08004a96   0x00000028   Code   RO         1451    i.HAL_SYSTICK_Config  stm32f1xx_hal_cortex.o
    0x08004abe   0x08004abe   0x00000002   Code   RO         3672    i.HAL_TIMEx_BreakCallback  stm32f1xx_hal_tim_ex.o
    0x08004ac0   0x08004ac0   0x00000002   Code   RO         3673    i.HAL_TIMEx_CommutCallback  stm32f1xx_hal_tim_ex.o
    0x08004ac2   0x08004ac2   0x00000002   PAD
    0x08004ac4   0x08004ac4   0x0000007c   Code   RO         3691    i.HAL_TIMEx_MasterConfigSynchronization  stm32f1xx_hal_tim_ex.o
    0x08004b40   0x08004b40   0x0000005a   Code   RO         2968    i.HAL_TIM_Base_Init  stm32f1xx_hal_tim.o
    0x08004b9a   0x08004b9a   0x00000002   PAD
    0x08004b9c   0x08004b9c   0x0000003c   Code   RO          566    i.HAL_TIM_Base_MspInit  stm32f1xx_hal_msp.o
    0x08004bd8   0x08004bd8   0x000000d6   Code   RO         2977    i.HAL_TIM_ConfigClockSource  stm32f1xx_hal_tim.o
    0x08004cae   0x08004cae   0x00000002   Code   RO         3002    i.HAL_TIM_IC_CaptureCallback  stm32f1xx_hal_tim.o
    0x08004cb0   0x08004cb0   0x00000166   Code   RO         3016    i.HAL_TIM_IRQHandler  stm32f1xx_hal_tim.o
    0x08004e16   0x08004e16   0x00000002   Code   RO         3019    i.HAL_TIM_OC_DelayElapsedCallback  stm32f1xx_hal_tim.o
    0x08004e18   0x08004e18   0x00000002   Code   RO         3046    i.HAL_TIM_PWM_PulseFinishedCallback  stm32f1xx_hal_tim.o
    0x08004e1a   0x08004e1a   0x00000002   Code   RO         3054    i.HAL_TIM_PeriodElapsedCallback  stm32f1xx_hal_tim.o
    0x08004e1c   0x08004e1c   0x00000002   Code   RO         3059    i.HAL_TIM_TriggerCallback  stm32f1xx_hal_tim.o
    0x08004e1e   0x08004e1e   0x00000002   Code   RO         3950    i.HAL_UARTEx_RxEventCallback  stm32f1xx_hal_uart.o
    0x08004e20   0x08004e20   0x00000058   Code   RO         3962    i.HAL_UART_DMAStop  stm32f1xx_hal_uart.o
    0x08004e78   0x08004e78   0x00000002   Code   RO         3964    i.HAL_UART_ErrorCallback  stm32f1xx_hal_uart.o
    0x08004e7a   0x08004e7a   0x00000002   PAD
    0x08004e7c   0x08004e7c   0x0000020c   Code   RO         3967    i.HAL_UART_IRQHandler  stm32f1xx_hal_uart.o
    0x08005088   0x08005088   0x00000062   Code   RO         3968    i.HAL_UART_Init     stm32f1xx_hal_uart.o
    0x080050ea   0x080050ea   0x00000002   PAD
    0x080050ec   0x080050ec   0x00000244   Code   RO          568    i.HAL_UART_MspInit  stm32f1xx_hal_msp.o
    0x08005330   0x08005330   0x0000002a   Code   RO         3972    i.HAL_UART_Receive_DMA  stm32f1xx_hal_uart.o
    0x0800535a   0x0800535a   0x00000002   Code   RO         3974    i.HAL_UART_RxCpltCallback  stm32f1xx_hal_uart.o
    0x0800535c   0x0800535c   0x00000002   Code   RO         3975    i.HAL_UART_RxHalfCpltCallback  stm32f1xx_hal_uart.o
    0x0800535e   0x0800535e   0x00000002   PAD
    0x08005360   0x08005360   0x000000b2   Code   RO         3976    i.HAL_UART_Transmit  stm32f1xx_hal_uart.o
    0x08005412   0x08005412   0x00000002   PAD
    0x08005414   0x08005414   0x00000080   Code   RO         3977    i.HAL_UART_Transmit_DMA  stm32f1xx_hal_uart.o
    0x08005494   0x08005494   0x00000002   Code   RO         3979    i.HAL_UART_TxCpltCallback  stm32f1xx_hal_uart.o
    0x08005496   0x08005496   0x00000002   Code   RO         3980    i.HAL_UART_TxHalfCpltCallback  stm32f1xx_hal_uart.o
    0x08005498   0x08005498   0x00000002   Code   RO          415    i.HardFault_Handler  stm32f1xx_it.o
    0x0800549a   0x0800549a   0x00000002   PAD
    0x0800549c   0x0800549c   0x00000050   Code   RO           17    i.MX_ADC1_Init      main.o
    0x080054ec   0x080054ec   0x00000224   Code   RO           18    i.MX_GPIO_Init      main.o
    0x08005710   0x08005710   0x00000084   Code   RO           19    i.MX_RTC_Init       main.o
    0x08005794   0x08005794   0x00000044   Code   RO           20    i.MX_SPI1_Init      main.o
    0x080057d8   0x080057d8   0x00000038   Code   RO           21    i.MX_SPI3_Init      main.o
    0x08005810   0x08005810   0x00000068   Code   RO           22    i.MX_TIM1_Init      main.o
    0x08005878   0x08005878   0x00000002   Code   RO          416    i.MemManage_Handler  stm32f1xx_it.o
    0x0800587a   0x0800587a   0x00000006   Code   RO          417    i.NMI_Handler       stm32f1xx_it.o
    0x08005880   0x08005880   0x00000002   Code   RO          418    i.PendSV_Handler    stm32f1xx_it.o
    0x08005882   0x08005882   0x00000012   Code   RO         2389    i.RTC_Bcd2ToByte    stm32f1xx_hal_rtc.o
    0x08005894   0x08005894   0x00000016   Code   RO         2390    i.RTC_ByteToBcd2    stm32f1xx_hal_rtc.o
    0x080058aa   0x080058aa   0x000000ae   Code   RO         2391    i.RTC_DateUpdate    stm32f1xx_hal_rtc.o
    0x08005958   0x08005958   0x00000034   Code   RO         2392    i.RTC_EnterInitMode  stm32f1xx_hal_rtc.o
    0x0800598c   0x0800598c   0x00000036   Code   RO         2393    i.RTC_ExitInitMode  stm32f1xx_hal_rtc.o
    0x080059c2   0x080059c2   0x00000002   PAD
    0x080059c4   0x080059c4   0x0000000c   Code   RO          419    i.RTC_IRQHandler    stm32f1xx_it.o
    0x080059d0   0x080059d0   0x0000000e   Code   RO         2394    i.RTC_ReadAlarmCounter  stm32f1xx_hal_rtc.o
    0x080059de   0x080059de   0x00000020   Code   RO         2395    i.RTC_ReadTimeCounter  stm32f1xx_hal_rtc.o
    0x080059fe   0x080059fe   0x00000056   Code   RO         2396    i.RTC_WeekDayNum    stm32f1xx_hal_rtc.o
    0x08005a54   0x08005a54   0x00000028   Code   RO         2397    i.RTC_WriteAlarmCounter  stm32f1xx_hal_rtc.o
    0x08005a7c   0x08005a7c   0x00000028   Code   RO         2398    i.RTC_WriteTimeCounter  stm32f1xx_hal_rtc.o
    0x08005aa4   0x08005aa4   0x0000005c   Code   RO         2692    i.SPI_EndRxTransaction  stm32f1xx_hal_spi.o
    0x08005b00   0x08005b00   0x00000020   Code   RO         2693    i.SPI_EndRxTxTransaction  stm32f1xx_hal_spi.o
    0x08005b20   0x08005b20   0x000000b8   Code   RO         2698    i.SPI_WaitFlagStateUntilTimeout  stm32f1xx_hal_spi.o
    0x08005bd8   0x08005bd8   0x00000002   Code   RO          420    i.SVC_Handler       stm32f1xx_it.o
    0x08005bda   0x08005bda   0x00000004   Code   RO          421    i.SysTick_Handler   stm32f1xx_it.o
    0x08005bde   0x08005bde   0x0000008a   Code   RO           23    i.SystemClock_Config  main.o
    0x08005c68   0x08005c68   0x00000002   Code   RO         4297    i.SystemInit        system_stm32f1xx.o
    0x08005c6a   0x08005c6a   0x00000002   PAD
    0x08005c6c   0x08005c6c   0x0000000c   Code   RO          422    i.TIM1_UP_IRQHandler  stm32f1xx_it.o
    0x08005c78   0x08005c78   0x0000008c   Code   RO         3061    i.TIM_Base_SetConfig  stm32f1xx_hal_tim.o
    0x08005d04   0x08005d04   0x00000014   Code   RO         3072    i.TIM_ETR_SetConfig  stm32f1xx_hal_tim.o
    0x08005d18   0x08005d18   0x00000010   Code   RO         3073    i.TIM_ITRx_SetConfig  stm32f1xx_hal_tim.o
    0x08005d28   0x08005d28   0x00000022   Code   RO         3079    i.TIM_TI1_ConfigInputStage  stm32f1xx_hal_tim.o
    0x08005d4a   0x08005d4a   0x00000024   Code   RO         3081    i.TIM_TI2_ConfigInputStage  stm32f1xx_hal_tim.o
    0x08005d6e   0x08005d6e   0x00000010   Code   RO         3981    i.UART_DMAAbortOnError  stm32f1xx_hal_uart.o
    0x08005d7e   0x08005d7e   0x0000004a   Code   RO         3982    i.UART_DMAError     stm32f1xx_hal_uart.o
    0x08005dc8   0x08005dc8   0x0000005a   Code   RO         3983    i.UART_DMAReceiveCplt  stm32f1xx_hal_uart.o
    0x08005e22   0x08005e22   0x0000001a   Code   RO         3985    i.UART_DMARxHalfCplt  stm32f1xx_hal_uart.o
    0x08005e3c   0x08005e3c   0x0000002e   Code   RO         3987    i.UART_DMATransmitCplt  stm32f1xx_hal_uart.o
    0x08005e6a   0x08005e6a   0x0000000a   Code   RO         3989    i.UART_DMATxHalfCplt  stm32f1xx_hal_uart.o
    0x08005e74   0x08005e74   0x00000030   Code   RO         3991    i.UART_EndRxTransfer  stm32f1xx_hal_uart.o
    0x08005ea4   0x08005ea4   0x00000012   Code   RO         3992    i.UART_EndTxTransfer  stm32f1xx_hal_uart.o
    0x08005eb6   0x08005eb6   0x000000b6   Code   RO         3993    i.UART_Receive_IT   stm32f1xx_hal_uart.o
    0x08005f6c   0x08005f6c   0x000000b8   Code   RO         3994    i.UART_SetConfig    stm32f1xx_hal_uart.o
    0x08006024   0x08006024   0x00000070   Code   RO         3995    i.UART_Start_Receive_DMA  stm32f1xx_hal_uart.o
    0x08006094   0x08006094   0x00000064   Code   RO         3997    i.UART_WaitOnFlagUntilTimeout  stm32f1xx_hal_uart.o
    0x080060f8   0x080060f8   0x0000000c   Code   RO          423    i.USART1_IRQHandler  stm32f1xx_it.o
    0x08006104   0x08006104   0x00000018   Code   RO          424    i.USART2_IRQHandler  stm32f1xx_it.o
    0x0800611c   0x0800611c   0x0000000c   Code   RO          425    i.USART3_IRQHandler  stm32f1xx_it.o
    0x08006128   0x08006128   0x00000002   Code   RO          426    i.UsageFault_Handler  stm32f1xx_it.o
    0x0800612a   0x0800612a   0x00000028   Code   RO         4665    i.__ARM_fpclassify  m_ws.l(fpclassify.o)
    0x08006152   0x08006152   0x00000020   Code   RO         1453    i.__NVIC_SetPriority  stm32f1xx_hal_cortex.o
    0x08006172   0x08006172   0x0000000e   Code   RO         4777    i.__mathlib_dbl_overflow  m_ws.l(dunder.o)
    0x08006180   0x08006180   0x00000010   Code   RO         4779    i.__mathlib_dbl_underflow  m_ws.l(dunder.o)
    0x08006190   0x08006190   0x00000010   Code   RO         4682    i.__mathlib_narrow  m_ws.l(narrow.o)
    0x080061a0   0x080061a0   0x00000088   Code   RO         4683    i.__mathlib_tofloat  m_ws.l(narrow.o)
    0x08006228   0x08006228   0x00000016   Code   RO         4735    i.__support_ldexp   m_ws.l(ldexp.o)
    0x0800623e   0x0800623e   0x0000000e   Code   RO         4359    i._is_digit         c_w.l(__printf_wp.o)
    0x0800624c   0x0800624c   0x00000030   Code   RO           24    i.adler32           main.o
    0x0800627c   0x0800627c   0x00000040   Code   RO           25    i.adxl355_conversion_acc_data  main.o
    0x080062bc   0x080062bc   0x00000470   Code   RO           27    i.adxl355_init      main.o
    0x0800672c   0x0800672c   0x00000088   Code   RO           28    i.adxl355_start_work  main.o
    0x080067b4   0x080067b4   0x00000058   Code   RO         4710    i.frexp             m_ws.l(frexp.o)
    0x0800680c   0x0800680c   0x00000014   Code   RO           29    i.get_chip_memery_info  main.o
    0x08006820   0x08006820   0x00000024   Code   RO           30    i.get_chip_serial_num  main.o
    0x08006844   0x08006844   0x0000017c   Code   RO           31    i.get_nmea_msg_type  main.o
    0x080069c0   0x080069c0   0x0000003e   Code   RO           32    i.get_unix_timestamp  main.o
    0x080069fe   0x080069fe   0x00000074   Code   RO         4736    i.ldexp             m_ws.l(ldexp.o)
    0x08006a72   0x08006a72   0x00000002   PAD
    0x08006a74   0x08006a74   0x00000048   Code   RO           33    i.led_ctl           main.o
    0x08006abc   0x08006abc   0x000000f4   Code   RO           35    i.log_message       main.o
    0x08006bb0   0x08006bb0   0x0000004c   Code   RO           36    i.log_print         main.o
    0x08006bfc   0x08006bfc   0x000005a8   Code   RO           37    i.main              main.o
    0x080071a4   0x080071a4   0x00000014   Code   RO           38    i.my_basename       main.o
    0x080071b8   0x080071b8   0x00000088   Code   RO           39    i.package_xl355_raw_data  main.o
    0x08007240   0x08007240   0x000000bc   Code   RO           40    i.parse_gga         main.o
    0x080072fc   0x080072fc   0x00000120   Code   RO           41    i.parse_gsv         main.o
    0x0800741c   0x0800741c   0x000000ac   Code   RO           42    i.parse_nmea_message  main.o
    0x080074c8   0x080074c8   0x000000d4   Code   RO           43    i.parse_zda         main.o
    0x0800759c   0x0800759c   0x00000054   Code   RO           44    i.spi_read_byte     main.o
    0x080075f0   0x080075f0   0x00000114   Code   RO           45    i.spi_read_multipe_bytes  main.o
    0x08007704   0x08007704   0x00000050   Code   RO           46    i.spi_write_byte    main.o
    0x08007754   0x08007754   0x0000001e   Code   RO           48    i.string_to_double  main.o
    0x08007772   0x08007772   0x00000028   Code   RO           49    i.string_to_uint8   main.o
    0x0800779a   0x0800779a   0x0000001c   Code   RO         4419    i.strtod            m_ws.l(strtod.o)
    0x080077b6   0x080077b6   0x00000022   Code   RO         4423    i.strtof            m_ws.l(strtof.o)
    0x080077d8   0x080077d8   0x00000208   Code   RO           50    i.ubx_init          main.o
    0x080079e0   0x080079e0   0x00000066   Code   RO           51    i.ubx_msg_generate  main.o
    0x08007a46   0x08007a46   0x00000002   PAD
    0x08007a48   0x08007a48   0x0000002c   Code   RO           52    i.ubx_reset         main.o
    0x08007a74   0x08007a74   0x00000070   Code   RO           53    i.ubx_uart_recv_data_callback  main.o
    0x08007ae4   0x08007ae4   0x000000ce   Code   RO           54    i.utc_to_timezone_time  main.o
    0x08007bb2   0x08007bb2   0x00000002   PAD
    0x08007bb4   0x08007bb4   0x0000002c   Code   RO         4568    locale$$code        c_w.l(lc_ctype_c.o)
    0x08007be0   0x08007be0   0x0000002c   Code   RO         4571    locale$$code        c_w.l(lc_numeric_c.o)
    0x08007c0c   0x08007c0c   0x00000062   Code   RO         4396    x$fpl$d2f           fz_ws.l(d2f.o)
    0x08007c6e   0x08007c6e   0x00000002   PAD
    0x08007c70   0x08007c70   0x00000010   Code   RO         4771    x$fpl$dcheck1       fz_ws.l(dcheck1.o)
    0x08007c80   0x08007c80   0x00000018   Code   RO         4728    x$fpl$dcmpinf       fz_ws.l(dcmpi.o)
    0x08007c98   0x08007c98   0x00000078   Code   RO         4705    x$fpl$deqf          fz_ws.l(deqf.o)
    0x08007d10   0x08007d10   0x0000002e   Code   RO         4409    x$fpl$dflt          fz_ws.l(dflt_clz.o)
    0x08007d3e   0x08007d3e   0x00000002   PAD
    0x08007d40   0x08007d40   0x00000078   Code   RO         4730    x$fpl$dleqf         fz_ws.l(dleqf.o)
    0x08007db8   0x08007db8   0x00000154   Code   RO         4414    x$fpl$dmul          fz_ws.l(dmul.o)
    0x08007f0c   0x08007f0c   0x0000009c   Code   RO         4508    x$fpl$dnaninf       fz_ws.l(dnaninf.o)
    0x08007fa8   0x08007fa8   0x0000000c   Code   RO         4510    x$fpl$dretinf       fz_ws.l(dretinf.o)
    0x08007fb4   0x08007fb4   0x0000006c   Code   RO         4707    x$fpl$drleqf        fz_ws.l(drleqf.o)
    0x08008020   0x08008020   0x00000056   Code   RO         4416    x$fpl$f2d           fz_ws.l(f2d.o)
    0x08008076   0x08008076   0x0000008c   Code   RO         4512    x$fpl$fnaninf       fz_ws.l(fnaninf.o)
    0x08008102   0x08008102   0x0000000a   Code   RO         4514    x$fpl$fretinf       fz_ws.l(fretinf.o)
    0x0800810c   0x0800810c   0x00000004   Code   RO         4516    x$fpl$printf1       fz_ws.l(printf1.o)
    0x08008110   0x08008110   0x00000004   Code   RO         4518    x$fpl$printf2       fz_ws.l(printf2.o)
    0x08008114   0x08008114   0x00000064   Code   RO         4792    x$fpl$retnan        fz_ws.l(retnan.o)
    0x08008178   0x08008178   0x0000005c   Code   RO         4732    x$fpl$scalbn        fz_ws.l(scalbn.o)
    0x080081d4   0x080081d4   0x00000004   Code   RO         4577    x$fpl$scanf1        fz_ws.l(scanf1.o)
    0x080081d8   0x080081d8   0x00000008   Code   RO         4676    x$fpl$scanf2        fz_ws.l(scanf2.o)
    0x080081e0   0x080081e0   0x00000030   Code   RO         4798    x$fpl$trapveneer    fz_ws.l(trapv.o)
    0x08008210   0x08008210   0x00000000   Code   RO         4524    x$fpl$usenofp       fz_ws.l(usenofp.o)
    0x08008210   0x08008210   0x00000020   Data   RO           61    .constdata          main.o
    0x08008230   0x08008230   0x00000010   Data   RO         4298    .constdata          system_stm32f1xx.o
    0x08008240   0x08008240   0x00000008   Data   RO         4299    .constdata          system_stm32f1xx.o
    0x08008248   0x08008248   0x00000011   Data   RO         4367    .constdata          c_w.l(__printf_flags_ss_wp.o)
    0x08008259   0x08008259   0x00000003   PAD
    0x0800825c   0x0800825c   0x00000008   Data   RO         4449    .constdata          c_w.l(_printf_wctomb.o)
    0x08008264   0x08008264   0x00000028   Data   RO         4478    .constdata          c_w.l(_printf_hex_int_ll_ptr.o)
    0x0800828c   0x0800828c   0x0000000c   Data   RO         4507    .constdata          c_w.l(_monlen.o)
    0x08008298   0x08008298   0x00000026   Data   RO         4555    .constdata          c_w.l(_printf_fp_hex.o)
    0x080082be   0x080082be   0x00000002   PAD
    0x080082c0   0x080082c0   0x00000094   Data   RO         4586    .constdata          c_w.l(bigflt0.o)
    0x08008354   0x08008354   0x000000e5   Data   RO           62    .conststring        main.o
    0x08008439   0x08008439   0x00000003   PAD
    0x0800843c   0x0800843c   0x00000020   Data   RO         4816    Region$$Table       anon$$obj.o
    0x0800845c   0x0800845c   0x00000008   Data   RO         4671    c$$dinf             fz_ws.l(fpconst.o)
    0x08008464   0x08008464   0x00000110   Data   RO         4567    locale$$data        c_w.l(lc_ctype_c.o)
    0x08008574   0x08008574   0x0000001c   Data   RO         4570    locale$$data        c_w.l(lc_numeric_c.o)


    Execution Region RW_IRAM1 (Exec base: 0x20000000, Load base: 0x08008590, Size: 0x00008228, Max: 0x0000c000, ABSOLUTE)

    Exec Addr    Load Addr    Size         Type   Attr      Idx    E Section Name        Object

    0x20000000   0x08008590   0x00000030   Data   RW           63    .data               main.o
    0x20000030   0x080085c0   0x0000000c   Data   RW          990    .data               stm32f1xx_hal.o
    0x2000003c   0x080085cc   0x00000004   Data   RW         4300    .data               system_stm32f1xx.o
    0x20000040        -       0x00007a78   Zero   RW           55    .bss                main.o
    0x20007ab8        -       0x00000044   Zero   RW           57    .bss                main.o
    0x20007afc        -       0x00000044   Zero   RW           58    .bss                main.o
    0x20007b40        -       0x00000044   Zero   RW           59    .bss                main.o
    0x20007b84        -       0x00000044   Zero   RW           60    .bss                main.o
    0x20007bc8        -       0x00000060   Zero   RW         4526    .bss                c_w.l(libspace.o)
    0x20007c28        -       0x00000200   Zero   RW            2    HEAP                startup_stm32f103xe.o
    0x20007e28        -       0x00000400   Zero   RW            1    STACK               startup_stm32f103xe.o


==============================================================================

Image component sizes


      Code (inc. data)   RO Data    RW Data    ZI Data      Debug   Object Name

      7490       2146        261         48      31624     556956   main.o
        64         26        304          0       1536        784   startup_stm32f103xe.o
       164         28          0         12          0       6305   stm32f1xx_hal.o
       630         28          0          0          0       3248   stm32f1xx_hal_adc.o
       198         14          0          0          0      28779   stm32f1xx_hal_cortex.o
      1236         52          0          0          0       4938   stm32f1xx_hal_dma.o
       554         48          0          0          0       3976   stm32f1xx_hal_gpio.o
       392         16          0          0          0       3047   stm32f1xx_hal_i2c.o
      1256        136          0          0          0       5538   stm32f1xx_hal_msp.o
        12          4          0          0          0        487   stm32f1xx_hal_pwr.o
      1302        108          0          0          0       6507   stm32f1xx_hal_rcc.o
       448         44          0          0          0       2489   stm32f1xx_hal_rcc_ex.o
      1412         14          0          0          0      12268   stm32f1xx_hal_rtc.o
        98         10          0          0          0       3184   stm32f1xx_hal_rtc_ex.o
      1672          4          0          0          0       7934   stm32f1xx_hal_spi.o
       918         20          0          0          0       9157   stm32f1xx_hal_tim.o
       128         20          0          0          0       2265   stm32f1xx_hal_tim_ex.o
      1976         38          0          0          0      16495   stm32f1xx_hal_uart.o
       158         54          0          0          0       8238   stm32f1xx_it.o
         2          0         24          4          0       1035   system_stm32f1xx.o

    ----------------------------------------------------------------------
     20142       2810        624         64      33160     683630   Object Totals
         0          0         32          0          0          0   (incl. Generated)
        32          0          3          0          0          0   (incl. Padding)

    ----------------------------------------------------------------------

      Code (inc. data)   RO Data    RW Data    ZI Data      Debug   Library Member Name

        56          6          0          0          0         88   __2snprintf.o
         8          0          0          0          0         68   __main.o
       392          4         17          0          0         92   __printf_flags_ss_wp.o
        14          0          0          0          0         68   __printf_wp.o
         0          0          0          0          0          0   __rtentry.o
        12          0          0          0          0          0   __rtentry2.o
         6          0          0          0          0          0   __rtentry4.o
        52          8          0          0          0          0   __scatter.o
        26          0          0          0          0          0   __scatter_copy.o
        28          0          0          0          0          0   __scatter_zi.o
        28          0          0          0          0         68   _chval.o
         0          0         12          0          0          0   _monlen.o
         6          0          0          0          0          0   _printf_a.o
         6          0          0          0          0          0   _printf_c.o
        44          0          0          0          0        108   _printf_char.o
        48          6          0          0          0         96   _printf_char_common.o
        40          0          0          0          0         68   _printf_charcount.o
         6          0          0          0          0          0   _printf_d.o
       120         16          0          0          0         92   _printf_dec.o
         6          0          0          0          0          0   _printf_e.o
         6          0          0          0          0          0   _printf_f.o
      1050          0          0          0          0        216   _printf_fp_dec.o
       764         10         38          0          0        100   _printf_fp_hex.o
       128         16          0          0          0         84   _printf_fp_infnan.o
         6          0          0          0          0          0   _printf_g.o
       148          4         40          0          0        160   _printf_hex_int_ll_ptr.o
         6          0          0          0          0          0   _printf_i.o
       178          0          0          0          0         88   _printf_intcommon.o
        10          0          0          0          0          0   _printf_l.o
         6          0          0          0          0          0   _printf_lc.o
        10          0          0          0          0          0   _printf_ll.o
         6          0          0          0          0          0   _printf_lld.o
         6          0          0          0          0          0   _printf_lli.o
         6          0          0          0          0          0   _printf_llo.o
         6          0          0          0          0          0   _printf_llu.o
         6          0          0          0          0          0   _printf_llx.o
       124         16          0          0          0         92   _printf_longlong_dec.o
         6          0          0          0          0          0   _printf_ls.o
         6          0          0          0          0          0   _printf_n.o
         6          0          0          0          0          0   _printf_o.o
       112          8          0          0          0        124   _printf_oct_int_ll.o
         6          0          0          0          0          0   _printf_p.o
        78          0          0          0          0        108   _printf_pad.o
         0          0          0          0          0          0   _printf_percent.o
         4          0          0          0          0          0   _printf_percent_end.o
         6          0          0          0          0          0   _printf_s.o
        82          0          0          0          0         80   _printf_str.o
        36          0          0          0          0         84   _printf_truncate.o
         6          0          0          0          0          0   _printf_u.o
        44          0          0          0          0        108   _printf_wchar.o
       188          6          8          0          0         92   _printf_wctomb.o
         6          0          0          0          0          0   _printf_x.o
        22          0          0          0          0        100   _rserrno.o
        64          0          0          0          0         84   _sgetc.o
        16          0          0          0          0         68   _snputc.o
        10          0          0          0          0         68   _sputc.o
       158          0          0          0          0         92   _strtoul.o
        64          0          0          0          0         92   _wcrtomb.o
       220          4        148          0          0         96   bigflt0.o
      2074        132          0          0          0        940   btod.o
        18          0          0          0          0         80   exit.o
         6          0          0          0          0        152   heapauxi.o
         0          0          0          0          0          0   indicate_semi.o
        18          0          0          0          0         76   isspace.o
        44         10        272          0          0         76   lc_ctype_c.o
        44         10         28          0          0         76   lc_numeric_c.o
         2          0          0          0          0          0   libinit.o
        30          0          0          0          0          0   libinit2.o
         2          0          0          0          0          0   libshutdown.o
         2          0          0          0          0          0   libshutdown2.o
         8          4          0          0         96         68   libspace.o
        38          0          0          0          0         68   llshl.o
       138          0          0          0          0         80   lludiv10.o
       424         10          0          0          0        124   mktime.o
        16          4          0          0          0         76   rt_ctype_table.o
         8          4          0          0          0         68   rt_errno_addr_intlibspace.o
         8          4          0          0          0         68   rt_locale_intlibspace.o
        78          0          0          0          0         80   rt_memclr_w.o
       138          0          0          0          0         68   rt_memcpy_v6.o
       100          0          0          0          0         80   rt_memcpy_w.o
         2          0          0          0          0          0   rtexit.o
        10          0          0          0          0          0   rtexit2.o
      1188         12          0          0          0        148   scanf_fp.o
       792         14          0          0          0        100   scanf_hexfp.o
       308         16          0          0          0        100   scanf_infnan.o
        20          0          0          0          0         68   strchr.o
       128          0          0          0          0         68   strcmpv7m.o
        32          0          0          0          0         80   strcspn.o
        62          0          0          0          0         76   strlen.o
        22          0          0          0          0         68   strrchr.o
        28          0          0          0          0         80   strspn.o
       160         12          0          0          0        120   strtod.o
        68          4          0          0          0         84   strtok_int.o
         4          0          0          0          0         68   strtok_r.o
       114          0          0          0          0         92   strtoul.o
        12          4          0          0          0         68   sys_exit.o
        74          0          0          0          0         80   sys_stackheap_outer.o
         2          0          0          0          0         68   use_no_semi.o
        52          4          0          0          0         80   vsnprintf.o
        98          4          0          0          0         92   d2f.o
        16          4          0          0          0         68   dcheck1.o
        24          0          0          0          0         68   dcmpi.o
       120          4          0          0          0         92   deqf.o
        46          0          0          0          0         68   dflt_clz.o
       120          4          0          0          0         92   dleqf.o
       340         12          0          0          0        104   dmul.o
       156          4          0          0          0         92   dnaninf.o
        12          0          0          0          0         68   dretinf.o
       108          0          0          0          0         80   drleqf.o
        86          4          0          0          0         84   f2d.o
       140          4          0          0          0         84   fnaninf.o
         0          0          8          0          0          0   fpconst.o
        10          0          0          0          0         68   fretinf.o
         4          0          0          0          0         68   printf1.o
         4          0          0          0          0         68   printf2.o
       100          0          0          0          0         68   retnan.o
        92          0          0          0          0         68   scalbn.o
         4          0          0          0          0         68   scanf1.o
         8          0          0          0          0         84   scanf2.o
        48          0          0          0          0         68   trapv.o
         0          0          0          0          0          0   usenofp.o
        30          6          0          0          0        136   dunder.o
        40          0          0          0          0         68   fpclassify.o
        88          8          0          0          0         76   frexp.o
       138          0          0          0          0        160   ldexp.o
       152          4          0          0          0        168   narrow.o
        28          0          0          0          0         80   strtod.o
        34          0          0          0          0         84   strtof.o

    ----------------------------------------------------------------------
     12850        406        576          0         96       8636   Library Totals
        26          0          5          0          0          0   (incl. Padding)

    ----------------------------------------------------------------------

      Code (inc. data)   RO Data    RW Data    ZI Data      Debug   Library Name

     10778        348        563          0         96       6312   c_w.l
      1536         40          8          0          0       1552   fz_ws.l
       510         18          0          0          0        772   m_ws.l

    ----------------------------------------------------------------------
     12850        406        576          0         96       8636   Library Totals

    ----------------------------------------------------------------------

==============================================================================


      Code (inc. data)   RO Data    RW Data    ZI Data      Debug   

     32992       3216       1200         64      33256     678586   Grand Totals
     32992       3216       1200         64      33256     678586   ELF Image Totals
     32992       3216       1200         64          0          0   ROM Totals

==============================================================================

    Total RO  Size (Code + RO Data)                34192 (  33.39kB)
    Total RW  Size (RW Data + ZI Data)             33320 (  32.54kB)
    Total ROM Size (Code + RO Data + RW Data)      34256 (  33.45kB)

==============================================================================

