<html>
<body>
<pre>
<h1>µVision Build Log</h1>
<h2>Tool Versions:</h2>
IDE-Version: ¦ÌVision V5.37.0.0
Copyright (C) 2022 ARM Ltd and ARM Germany GmbH. All rights reserved.
License Information: a abc, ABC, LIC=X96CK-Z22RE-56AQ2-9IVCX-X0RQG-ZHN7N
 
Tool Versions:
Toolchain:       MDK-ARM Plus  Version: 5.37.0.0
Toolchain Path:  D:\keil_v5\ARM\ARMCC\Bin
C Compiler:      Armcc.exe V5.06 (build 20)
Assembler:       Armasm.exe V5.06 (build 20)
Linker/Locator:  ArmLink.exe V5.06 (build 20)
Library Manager: ArmAr.exe V5.06 (build 20)
Hex Converter:   FromElf.exe V5.06 (build 20)
CPU DLL:         SARMCM3.DLL V5.37.0.0
Dialog DLL:      DCM.DLL V1.17.5.0
Target DLL:      Segger\JL2CM3.dll V2.99.42.0
Dialog DLL:      TCM.DLL V1.56.1.0
 
<h2>Project:</h2>
D:\keil_workspace\stm32f103vct6_spi\MDK-ARM\stm32f103vct6_spi.uvprojx
Project File Date:  08/23/2022

<h2>Output:</h2>
*** Using Compiler 'V5.06 (build 20)', folder: 'D:\keil_v5\ARM\ARMCC\Bin'
Build target 'stm32f103vct6_spi'
compiling main.c...
../Core/Src/main.c(314): warning:  #188-D: enumerated type mixed with another type
        ret = spi_read_multipe_bytes(
L355_FIFO_DATA, &spi_send_array[count], 
L355_FIFO_SAMPLE_90);
../Core/Src/main.c(428): warning:  #128-D: loop is not reachable
    while (1)
../Core/Src/main.c(233): warning:  #177-D: variable "i" was declared but never referenced
    int i;
../Core/Src/main.c(236): warning:  #550-D: variable "ret" was set but never used
  	HAL_StatusTypeDef ret;
../Core/Src/main.c(1760): warning:  #188-D: enumerated type mixed with another type
              return -1;
../Core/Src/main.c: 5 warnings, 0 errors
linking...
Program Size: Code=32992 RO-data=1200 RW-data=64 ZI-data=33256  
FromELF: creating hex file...
"stm32f103vct6_spi\stm32f103vct6_spi.axf" - 0 Error(s), 5 Warning(s).

<h2>Software Packages used:</h2>

Package Vendor: ARM
                http://www.keil.com/pack/ARM.CMSIS.5.9.0.pack
                ARM.CMSIS.5.9.0
                CMSIS (Common Microcontroller Software Interface Standard)
   * Component: CORE Version: 5.6.0

Package Vendor: Keil
                http://www.keil.com/pack/Keil.STM32F1xx_DFP.2.4.0.pack
                Keil.STM32F1xx_DFP.2.4.0
                STMicroelectronics STM32F1 Series Device Support, Drivers and Examples

<h2>Collection of Component include folders:</h2>
  ./RTE/_stm32f103vct6_spi
  D:/keil_v5/ARM/PACK/ARM/CMSIS/5.9.0/CMSIS/Core/Include
  D:/keil_v5/ARM/PACK/Keil/STM32F1xx_DFP/2.4.0/Device/Include

<h2>Collection of Component Files used:</h2>

   * Component: ARM::CMSIS:CORE:5.6.0
Build Time Elapsed:  00:00:02
</pre>
</body>
</html>
